---------------------------------------------------------------
[2026-04-03T14:51:15+08:00] 127.0.0.1 GET www.jiwankang.com/manage
[运行时间：0.044791s] [吞吐率：22.33req/s] [内存消耗：4,902.49kb] [文件加载：114]
[ error ] [8]未定义数组索引: selected[E:\wwwroot\2026\04\jiwankang\runtime\temp\0ebc0da97c722c413af6448a150993b9.php:118]
[ error ] [8]未定义数组索引: selected[E:\wwwroot\2026\04\jiwankang\runtime\temp\0ebc0da97c722c413af6448a150993b9.php:118]
[ error ] [8]未定义数组索引: selected[E:\wwwroot\2026\04\jiwankang\runtime\temp\0ebc0da97c722c413af6448a150993b9.php:118]
[ error ] [8]未定义数组索引: selected[E:\wwwroot\2026\04\jiwankang\runtime\temp\0ebc0da97c722c413af6448a150993b9.php:118]
[ error ] [8]未定义数组索引: selected[E:\wwwroot\2026\04\jiwankang\runtime\temp\0ebc0da97c722c413af6448a150993b9.php:118]
[ error ] [8]未定义数组索引: selected[E:\wwwroot\2026\04\jiwankang\runtime\temp\0ebc0da97c722c413af6448a150993b9.php:118]
[ error ] [8]未定义数组索引: selected[E:\wwwroot\2026\04\jiwankang\runtime\temp\0ebc0da97c722c413af6448a150993b9.php:118]
[ error ] [8]未定义数组索引: selected[E:\wwwroot\2026\04\jiwankang\runtime\temp\0ebc0da97c722c413af6448a150993b9.php:118]
[ error ] [8]未定义数组索引: selected[E:\wwwroot\2026\04\jiwankang\runtime\temp\0ebc0da97c722c413af6448a150993b9.php:118]
[ error ] [8]未定义数组索引: selected[E:\wwwroot\2026\04\jiwankang\runtime\temp\0ebc0da97c722c413af6448a150993b9.php:118]
[ error ] [8]未定义数组索引: selected[E:\wwwroot\2026\04\jiwankang\runtime\temp\0ebc0da97c722c413af6448a150993b9.php:118]
[ error ] [8]未定义数组索引: selected[E:\wwwroot\2026\04\jiwankang\runtime\temp\0ebc0da97c722c413af6448a150993b9.php:118]
[ error ] [8]未定义数组索引: selected[E:\wwwroot\2026\04\jiwankang\runtime\temp\0ebc0da97c722c413af6448a150993b9.php:118]
[ error ] [8]未定义数组索引: selected[E:\wwwroot\2026\04\jiwankang\runtime\temp\0ebc0da97c722c413af6448a150993b9.php:118]
[ error ] [8]未定义数组索引: selected[E:\wwwroot\2026\04\jiwankang\runtime\temp\0ebc0da97c722c413af6448a150993b9.php:118]
[ error ] [8]未定义数组索引: selected[E:\wwwroot\2026\04\jiwankang\runtime\temp\0ebc0da97c722c413af6448a150993b9.php:118]
[ error ] [8]未定义数组索引: selected[E:\wwwroot\2026\04\jiwankang\runtime\temp\0ebc0da97c722c413af6448a150993b9.php:118]
[ error ] [8]未定义数组索引: selected[E:\wwwroot\2026\04\jiwankang\runtime\temp\0ebc0da97c722c413af6448a150993b9.php:118]
[ error ] [8]未定义数组索引: selected[E:\wwwroot\2026\04\jiwankang\runtime\temp\0ebc0da97c722c413af6448a150993b9.php:118]
[ error ] [8]未定义数组索引: selected[E:\wwwroot\2026\04\jiwankang\runtime\temp\0ebc0da97c722c413af6448a150993b9.php:118]
---------------------------------------------------------------
[2026-04-03T14:51:42+08:00] 127.0.0.1 GET www.jiwankang.com/manage
[运行时间：0.043906s] [吞吐率：22.78req/s] [内存消耗：5,196.20kb] [文件加载：117]
[ error ] [8]未定义数组索引: selected[E:\wwwroot\2026\04\jiwankang\runtime\temp\0ebc0da97c722c413af6448a150993b9.php:118]
[ error ] [8]未定义数组索引: selected[E:\wwwroot\2026\04\jiwankang\runtime\temp\0ebc0da97c722c413af6448a150993b9.php:118]
[ error ] [8]未定义数组索引: selected[E:\wwwroot\2026\04\jiwankang\runtime\temp\0ebc0da97c722c413af6448a150993b9.php:118]
[ error ] [8]未定义数组索引: selected[E:\wwwroot\2026\04\jiwankang\runtime\temp\0ebc0da97c722c413af6448a150993b9.php:118]
[ error ] [8]未定义数组索引: selected[E:\wwwroot\2026\04\jiwankang\runtime\temp\0ebc0da97c722c413af6448a150993b9.php:118]
[ error ] [8]未定义数组索引: selected[E:\wwwroot\2026\04\jiwankang\runtime\temp\0ebc0da97c722c413af6448a150993b9.php:118]
[ error ] [8]未定义数组索引: selected[E:\wwwroot\2026\04\jiwankang\runtime\temp\0ebc0da97c722c413af6448a150993b9.php:118]
[ error ] [8]未定义数组索引: selected[E:\wwwroot\2026\04\jiwankang\runtime\temp\0ebc0da97c722c413af6448a150993b9.php:118]
[ error ] [8]未定义数组索引: selected[E:\wwwroot\2026\04\jiwankang\runtime\temp\0ebc0da97c722c413af6448a150993b9.php:118]
[ error ] [8]未定义数组索引: selected[E:\wwwroot\2026\04\jiwankang\runtime\temp\0ebc0da97c722c413af6448a150993b9.php:118]
[ error ] [8]未定义数组索引: selected[E:\wwwroot\2026\04\jiwankang\runtime\temp\0ebc0da97c722c413af6448a150993b9.php:118]
[ error ] [8]未定义数组索引: selected[E:\wwwroot\2026\04\jiwankang\runtime\temp\0ebc0da97c722c413af6448a150993b9.php:118]
[ error ] [8]未定义数组索引: selected[E:\wwwroot\2026\04\jiwankang\runtime\temp\0ebc0da97c722c413af6448a150993b9.php:118]
[ error ] [8]未定义数组索引: selected[E:\wwwroot\2026\04\jiwankang\runtime\temp\0ebc0da97c722c413af6448a150993b9.php:118]
[ error ] [8]未定义数组索引: selected[E:\wwwroot\2026\04\jiwankang\runtime\temp\0ebc0da97c722c413af6448a150993b9.php:118]
[ error ] [8]未定义数组索引: selected[E:\wwwroot\2026\04\jiwankang\runtime\temp\0ebc0da97c722c413af6448a150993b9.php:118]
[ error ] [8]未定义数组索引: selected[E:\wwwroot\2026\04\jiwankang\runtime\temp\0ebc0da97c722c413af6448a150993b9.php:118]
[ error ] [8]未定义数组索引: selected[E:\wwwroot\2026\04\jiwankang\runtime\temp\0ebc0da97c722c413af6448a150993b9.php:118]
[ error ] [8]未定义数组索引: selected[E:\wwwroot\2026\04\jiwankang\runtime\temp\0ebc0da97c722c413af6448a150993b9.php:118]
[ error ] [8]未定义数组索引: selected[E:\wwwroot\2026\04\jiwankang\runtime\temp\0ebc0da97c722c413af6448a150993b9.php:118]
---------------------------------------------------------------
[2026-04-03T14:51:48+08:00] 127.0.0.1 GET www.jiwankang.com/manage/user/edituser.html?user_id=1
[运行时间：0.037705s] [吞吐率：26.52req/s] [内存消耗：5,194.34kb] [文件加载：122]
[ error ] [8]未定义数组索引: grade[E:\wwwroot\2026\04\jiwankang\application\common\taglib\Jshop.php:1226]
---------------------------------------------------------------
[2026-04-03T14:51:53+08:00] 127.0.0.1 POST www.jiwankang.com/manage/user/edituser.html
[运行时间：0.038836s] [吞吐率：25.75req/s] [内存消耗：4,800.42kb] [文件加载：114]
[ error ] [8]未定义数组索引: name[E:\wwwroot\2026\04\jiwankang\application\manage\behavior\Record.php:72]
[ error ] [8]未定义数组索引: birthday[E:\wwwroot\2026\04\jiwankang\application\common\model\User.php:1074]
