---------------------------------------------------------------
[2026-04-29T15:39:51+08:00] 127.0.0.1 GET localhost/manage
[运行时间：0.067678s] [吞吐率：14.78req/s] [内存消耗：3,001.38kb] [文件加载：97]
[ info ] [ LANG ] E:\wwwroot\2025\git\baseShop\thinkphp\lang\zh-cn.php
[ info ] [ ROUTE ] array (
)
[ info ] [ HEADER ] array (
  'cookie' => '_aihecong_chat_visibility=false',
  'accept-language' => 'zh-CN,zh;q=0.9',
  'accept-encoding' => 'gzip, deflate, br, zstd',
  'sec-fetch-dest' => 'document',
  'sec-fetch-user' => '?1',
  'sec-fetch-mode' => 'navigate',
  'sec-fetch-site' => 'none',
  'accept' => 'text/html,application/xhtml+xml,application/xml;q=0.9,image/avif,image/webp,image/apng,*/*;q=0.8,application/signed-exchange;v=b3;q=0.7',
  'user-agent' => 'Mozilla/5.0 (Windows NT 10.0; Win64; x64) AppleWebKit/537.36 (KHTML, like Gecko) Chrome/147.0.0.0 Safari/537.36',
  'upgrade-insecure-requests' => '1',
  'sec-ch-ua-platform' => '"Windows"',
  'sec-ch-ua-mobile' => '?0',
  'sec-ch-ua' => '"Google Chrome";v="147", "Not.A/Brand";v="8", "Chromium";v="147"',
  'connection' => 'keep-alive',
  'host' => 'localhost',
  'content-length' => '',
  'content-type' => '',
)
[ info ] [ PARAM ] array (
)
---------------------------------------------------------------
[2026-04-29T15:39:51+08:00] 127.0.0.1 GET localhost/manage/common/login.html
[运行时间：0.046995s] [吞吐率：21.28req/s] [内存消耗：4,173.16kb] [文件加载：103]
[ info ] [ LANG ] E:\wwwroot\2025\git\baseShop\thinkphp\lang\zh-cn.php
[ info ] [ ROUTE ] array (
)
[ info ] [ HEADER ] array (
  'cookie' => '_aihecong_chat_visibility=false; PHPSESSID=086647hrtinfffrn3hkk3h5te1; jshop_redirect_url=%2Fmanage',
  'accept-language' => 'zh-CN,zh;q=0.9',
  'accept-encoding' => 'gzip, deflate, br, zstd',
  'sec-ch-ua-platform' => '"Windows"',
  'sec-ch-ua-mobile' => '?0',
  'sec-ch-ua' => '"Google Chrome";v="147", "Not.A/Brand";v="8", "Chromium";v="147"',
  'sec-fetch-dest' => 'document',
  'sec-fetch-user' => '?1',
  'sec-fetch-mode' => 'navigate',
  'sec-fetch-site' => 'none',
  'accept' => 'text/html,application/xhtml+xml,application/xml;q=0.9,image/avif,image/webp,image/apng,*/*;q=0.8,application/signed-exchange;v=b3;q=0.7',
  'user-agent' => 'Mozilla/5.0 (Windows NT 10.0; Win64; x64) AppleWebKit/537.36 (KHTML, like Gecko) Chrome/147.0.0.0 Safari/537.36',
  'upgrade-insecure-requests' => '1',
  'connection' => 'keep-alive',
  'host' => 'localhost',
  'content-length' => '',
  'content-type' => '',
)
[ info ] [ PARAM ] array (
)
[ info ] [ DB ] INIT mysql
[ info ] [ VIEW ] E:\wwwroot\2025\git\baseShop\application\manage\view\common\login.html [ array (
  0 => 'params',
  1 => 'shop_name',
) ]
[ sql ] [ DB ] CONNECT:[ UseTime:0.002771s ] mysql:host=127.0.0.1;port=3306;dbname=baseshop;charset=utf8mb4
[ sql ] [ SQL ] SHOW COLUMNS FROM `wb_setting` [ RunTime:0.007396s ]
[ sql ] [ SQL ] SELECT * FROM `wb_setting` WHERE  `skey` = 'shop_name' LIMIT 1 [ RunTime:0.001456s ]
---------------------------------------------------------------
[2026-04-29T15:39:51+08:00] 127.0.0.1 GET localhost/captcha.html
[运行时间：0.025207s] [吞吐率：39.67req/s] [内存消耗：2,491.66kb] [文件加载：77]
[ info ] [ LANG ] E:\wwwroot\2025\git\baseShop\thinkphp\lang\zh-cn.php
[ info ] [ ROUTE ] array (
  'rule' => 'captcha/<id?>',
  'route' => '\\think\\captcha\\CaptchaController@index',
  'option' => 
  array (
    'merge_rule_regex' => false,
  ),
  'var' => 
  array (
  ),
)
[ info ] [ HEADER ] array (
  'cookie' => '_aihecong_chat_visibility=false; PHPSESSID=086647hrtinfffrn3hkk3h5te1; jshop_redirect_url=%2Fmanage',
  'accept-language' => 'zh-CN,zh;q=0.9',
  'accept-encoding' => 'gzip, deflate, br, zstd',
  'referer' => 'http://localhost/manage/common/login.html',
  'sec-fetch-dest' => 'image',
  'sec-fetch-mode' => 'no-cors',
  'sec-fetch-site' => 'same-origin',
  'accept' => 'image/avif,image/webp,image/apng,image/svg+xml,image/*,*/*;q=0.8',
  'sec-ch-ua-mobile' => '?0',
  'sec-ch-ua' => '"Google Chrome";v="147", "Not.A/Brand";v="8", "Chromium";v="147"',
  'user-agent' => 'Mozilla/5.0 (Windows NT 10.0; Win64; x64) AppleWebKit/537.36 (KHTML, like Gecko) Chrome/147.0.0.0 Safari/537.36',
  'sec-ch-ua-platform' => '"Windows"',
  'connection' => 'keep-alive',
  'host' => 'localhost',
  'content-length' => '',
  'content-type' => '',
)
[ info ] [ PARAM ] array (
)
---------------------------------------------------------------
[2026-04-29T15:39:52+08:00] 127.0.0.1 POST localhost/manage/common/login.html
[运行时间：0.046212s] [吞吐率：21.64req/s] [内存消耗：4,261.34kb] [文件加载：104]
[ info ] [ LANG ] E:\wwwroot\2025\git\baseShop\thinkphp\lang\zh-cn.php
[ info ] [ ROUTE ] array (
)
[ info ] [ HEADER ] array (
  'cookie' => '_aihecong_chat_visibility=false; PHPSESSID=086647hrtinfffrn3hkk3h5te1; jshop_redirect_url=%2Fmanage',
  'accept-language' => 'zh-CN,zh;q=0.9',
  'accept-encoding' => 'gzip, deflate, br, zstd',
  'referer' => 'http://localhost/manage/common/login.html',
  'sec-fetch-dest' => 'empty',
  'sec-fetch-mode' => 'cors',
  'sec-fetch-site' => 'same-origin',
  'origin' => 'http://localhost',
  'sec-ch-ua-mobile' => '?0',
  'content-type' => 'application/x-www-form-urlencoded; charset=UTF-8',
  'sec-ch-ua' => '"Google Chrome";v="147", "Not.A/Brand";v="8", "Chromium";v="147"',
  'accept' => 'application/json, text/javascript, */*; q=0.01',
  'user-agent' => 'Mozilla/5.0 (Windows NT 10.0; Win64; x64) AppleWebKit/537.36 (KHTML, like Gecko) Chrome/147.0.0.0 Safari/537.36',
  'x-requested-with' => 'XMLHttpRequest',
  'sec-ch-ua-platform' => '"Windows"',
  'content-length' => '116',
  'connection' => 'keep-alive',
  'host' => 'localhost',
)
[ info ] [ PARAM ] array (
  'mobile' => 'yixin',
  'password' => 'yixin520',
  'captcha' => '',
  'validate_form' => 'login',
  '__Jshop_Token__' => '6869b268da4dd7bb76a3ce475683a5b65b725421',
)
[ info ] [ DB ] INIT mysql
[ info ] {"status":false,"data":11088,"msg":"\u6ca1\u6709\u627e\u5230\u63a7\u5236\u5668\uff0c\u8bf7\u8054\u7cfb\u5e73\u53f0\u7ba1\u7406\u5458"}
[ sql ] [ DB ] CONNECT:[ UseTime:0.000915s ] mysql:host=127.0.0.1;port=3306;dbname=baseshop;charset=utf8mb4
[ sql ] [ SQL ] SHOW COLUMNS FROM `wb_operation` [ RunTime:0.003769s ]
[ sql ] [ SQL ] SELECT * FROM `wb_operation` WHERE  `type` = 'c'  AND `code` = 'common'  AND `parent_id` = 2 LIMIT 1 [ RunTime:0.001124s ]
[ sql ] [ SQL ] SHOW COLUMNS FROM `wb_setting` [ RunTime:0.001273s ]
[ sql ] [ SQL ] SELECT * FROM `wb_setting` WHERE  `skey` = 'language' LIMIT 1 [ RunTime:0.000186s ]
[ sql ] [ SQL ] SELECT * FROM `wb_setting` WHERE  `skey` = 'language' LIMIT 1 [ RunTime:0.000117s ]
[ sql ] [ SQL ] SELECT * FROM `wb_setting` WHERE  `skey` = 'shop_name' LIMIT 1 [ RunTime:0.000272s ]
[ sql ] [ SQL ] SHOW COLUMNS FROM `wb_manage` [ RunTime:0.002956s ]
[ sql ] [ SQL ] SELECT * FROM `wb_manage` WHERE  `username` = 'yixin' OR `mobile` = 'yixin' LIMIT 1 [ RunTime:0.000232s ]
[ sql ] [ SQL ] SELECT * FROM `wb_setting` WHERE  `skey` = 'language' LIMIT 1 [ RunTime:0.000125s ]
[ sql ] [ SQL ] SELECT * FROM `wb_setting` WHERE  `skey` = 'language' LIMIT 1 [ RunTime:0.000106s ]
---------------------------------------------------------------
[2026-04-29T15:39:52+08:00] 127.0.0.1 GET localhost/captcha.html?1777448392420
[运行时间：0.019884s] [吞吐率：50.29req/s] [内存消耗：2,491.68kb] [文件加载：77]
[ info ] [ LANG ] E:\wwwroot\2025\git\baseShop\thinkphp\lang\zh-cn.php
[ info ] [ ROUTE ] array (
  'rule' => 'captcha/<id?>',
  'route' => '\\think\\captcha\\CaptchaController@index',
  'option' => 
  array (
    'merge_rule_regex' => false,
  ),
  'var' => 
  array (
  ),
)
[ info ] [ HEADER ] array (
  'cookie' => '_aihecong_chat_visibility=false; PHPSESSID=086647hrtinfffrn3hkk3h5te1; jshop_redirect_url=%2Fmanage',
  'accept-language' => 'zh-CN,zh;q=0.9',
  'accept-encoding' => 'gzip, deflate, br, zstd',
  'referer' => 'http://localhost/manage/common/login.html',
  'sec-fetch-dest' => 'image',
  'sec-fetch-mode' => 'no-cors',
  'sec-fetch-site' => 'same-origin',
  'accept' => 'image/avif,image/webp,image/apng,image/svg+xml,image/*,*/*;q=0.8',
  'sec-ch-ua-mobile' => '?0',
  'sec-ch-ua' => '"Google Chrome";v="147", "Not.A/Brand";v="8", "Chromium";v="147"',
  'user-agent' => 'Mozilla/5.0 (Windows NT 10.0; Win64; x64) AppleWebKit/537.36 (KHTML, like Gecko) Chrome/147.0.0.0 Safari/537.36',
  'sec-ch-ua-platform' => '"Windows"',
  'connection' => 'keep-alive',
  'host' => 'localhost',
  'content-length' => '',
  'content-type' => '',
)
[ info ] [ PARAM ] array (
  0 => '',
)
---------------------------------------------------------------
[2026-04-29T15:40:28+08:00] 127.0.0.1 POST localhost/manage/common/login.html
[运行时间：0.035089s] [吞吐率：28.50req/s] [内存消耗：4,261.34kb] [文件加载：104]
[ info ] [ LANG ] E:\wwwroot\2025\git\baseShop\thinkphp\lang\zh-cn.php
[ info ] [ ROUTE ] array (
)
[ info ] [ HEADER ] array (
  'cookie' => '_aihecong_chat_visibility=false; PHPSESSID=086647hrtinfffrn3hkk3h5te1; jshop_redirect_url=%2Fmanage',
  'accept-language' => 'zh-CN,zh;q=0.9',
  'accept-encoding' => 'gzip, deflate, br, zstd',
  'referer' => 'http://localhost/manage/common/login.html',
  'sec-fetch-dest' => 'empty',
  'sec-fetch-mode' => 'cors',
  'sec-fetch-site' => 'same-origin',
  'origin' => 'http://localhost',
  'sec-ch-ua-mobile' => '?0',
  'content-type' => 'application/x-www-form-urlencoded; charset=UTF-8',
  'sec-ch-ua' => '"Google Chrome";v="147", "Not.A/Brand";v="8", "Chromium";v="147"',
  'accept' => 'application/json, text/javascript, */*; q=0.01',
  'user-agent' => 'Mozilla/5.0 (Windows NT 10.0; Win64; x64) AppleWebKit/537.36 (KHTML, like Gecko) Chrome/147.0.0.0 Safari/537.36',
  'x-requested-with' => 'XMLHttpRequest',
  'sec-ch-ua-platform' => '"Windows"',
  'content-length' => '118',
  'connection' => 'keep-alive',
  'host' => 'localhost',
)
[ info ] [ PARAM ] array (
  'mobile' => 'yixin',
  'password' => 'aftm147258',
  'captcha' => '',
  'validate_form' => 'login',
  '__Jshop_Token__' => 'bc982f9e22652ba4699615edb35c2e02054dd59f',
)
[ info ] [ DB ] INIT mysql
[ info ] {"status":false,"data":11088,"msg":"\u6ca1\u6709\u627e\u5230\u63a7\u5236\u5668\uff0c\u8bf7\u8054\u7cfb\u5e73\u53f0\u7ba1\u7406\u5458"}
[ sql ] [ DB ] CONNECT:[ UseTime:0.001019s ] mysql:host=127.0.0.1;port=3306;dbname=baseshop;charset=utf8mb4
[ sql ] [ SQL ] SHOW COLUMNS FROM `wb_operation` [ RunTime:0.001467s ]
[ sql ] [ SQL ] SELECT * FROM `wb_operation` WHERE  `type` = 'c'  AND `code` = 'common'  AND `parent_id` = 2 LIMIT 1 [ RunTime:0.000421s ]
[ sql ] [ SQL ] SHOW COLUMNS FROM `wb_setting` [ RunTime:0.001227s ]
[ sql ] [ SQL ] SELECT * FROM `wb_setting` WHERE  `skey` = 'language' LIMIT 1 [ RunTime:0.000278s ]
[ sql ] [ SQL ] SELECT * FROM `wb_setting` WHERE  `skey` = 'language' LIMIT 1 [ RunTime:0.000262s ]
[ sql ] [ SQL ] SELECT * FROM `wb_setting` WHERE  `skey` = 'shop_name' LIMIT 1 [ RunTime:0.000221s ]
[ sql ] [ SQL ] SHOW COLUMNS FROM `wb_manage` [ RunTime:0.001261s ]
[ sql ] [ SQL ] SELECT * FROM `wb_manage` WHERE  `username` = 'yixin' OR `mobile` = 'yixin' LIMIT 1 [ RunTime:0.000206s ]
[ sql ] [ SQL ] SELECT * FROM `wb_setting` WHERE  `skey` = 'language' LIMIT 1 [ RunTime:0.000153s ]
[ sql ] [ SQL ] SELECT * FROM `wb_setting` WHERE  `skey` = 'language' LIMIT 1 [ RunTime:0.000109s ]
---------------------------------------------------------------
[2026-04-29T15:40:28+08:00] 127.0.0.1 GET localhost/captcha.html?1777448428308
[运行时间：0.017827s] [吞吐率：56.09req/s] [内存消耗：2,491.68kb] [文件加载：77]
[ info ] [ LANG ] E:\wwwroot\2025\git\baseShop\thinkphp\lang\zh-cn.php
[ info ] [ ROUTE ] array (
  'rule' => 'captcha/<id?>',
  'route' => '\\think\\captcha\\CaptchaController@index',
  'option' => 
  array (
    'merge_rule_regex' => false,
  ),
  'var' => 
  array (
  ),
)
[ info ] [ HEADER ] array (
  'cookie' => '_aihecong_chat_visibility=false; PHPSESSID=086647hrtinfffrn3hkk3h5te1; jshop_redirect_url=%2Fmanage',
  'accept-language' => 'zh-CN,zh;q=0.9',
  'accept-encoding' => 'gzip, deflate, br, zstd',
  'referer' => 'http://localhost/manage/common/login.html',
  'sec-fetch-dest' => 'image',
  'sec-fetch-mode' => 'no-cors',
  'sec-fetch-site' => 'same-origin',
  'accept' => 'image/avif,image/webp,image/apng,image/svg+xml,image/*,*/*;q=0.8',
  'sec-ch-ua-mobile' => '?0',
  'sec-ch-ua' => '"Google Chrome";v="147", "Not.A/Brand";v="8", "Chromium";v="147"',
  'user-agent' => 'Mozilla/5.0 (Windows NT 10.0; Win64; x64) AppleWebKit/537.36 (KHTML, like Gecko) Chrome/147.0.0.0 Safari/537.36',
  'sec-ch-ua-platform' => '"Windows"',
  'connection' => 'keep-alive',
  'host' => 'localhost',
  'content-length' => '',
  'content-type' => '',
)
[ info ] [ PARAM ] array (
  0 => '',
)
---------------------------------------------------------------
[2026-04-29T15:42:36+08:00] 127.0.0.1 POST localhost/manage/common/login.html
[运行时间：0.042195s] [吞吐率：23.70req/s] [内存消耗：4,352.02kb] [文件加载：108]
[ info ] [ LANG ] E:\wwwroot\2025\git\baseShop\thinkphp\lang\zh-cn.php
[ info ] [ ROUTE ] array (
)
[ info ] [ HEADER ] array (
  'cookie' => '_aihecong_chat_visibility=false; PHPSESSID=086647hrtinfffrn3hkk3h5te1; jshop_redirect_url=%2Fmanage',
  'accept-language' => 'zh-CN,zh;q=0.9',
  'accept-encoding' => 'gzip, deflate, br, zstd',
  'referer' => 'http://localhost/manage/common/login.html',
  'sec-fetch-dest' => 'empty',
  'sec-fetch-mode' => 'cors',
  'sec-fetch-site' => 'same-origin',
  'origin' => 'http://localhost',
  'sec-ch-ua-mobile' => '?0',
  'content-type' => 'application/x-www-form-urlencoded; charset=UTF-8',
  'sec-ch-ua' => '"Google Chrome";v="147", "Not.A/Brand";v="8", "Chromium";v="147"',
  'accept' => 'application/json, text/javascript, */*; q=0.01',
  'user-agent' => 'Mozilla/5.0 (Windows NT 10.0; Win64; x64) AppleWebKit/537.36 (KHTML, like Gecko) Chrome/147.0.0.0 Safari/537.36',
  'x-requested-with' => 'XMLHttpRequest',
  'sec-ch-ua-platform' => '"Windows"',
  'content-length' => '120',
  'connection' => 'keep-alive',
  'host' => 'localhost',
)
[ info ] [ PARAM ] array (
  'mobile' => 'ljmaoyi',
  'password' => 'ljmaoyi520',
  'captcha' => '',
  'validate_form' => 'login',
  '__Jshop_Token__' => '3e605cc8589c1834ef47c6263e19d5caf7f3a96a',
)
[ info ] [ DB ] INIT mysql
[ info ] {"status":false,"data":11088,"msg":"\u6ca1\u6709\u627e\u5230\u63a7\u5236\u5668\uff0c\u8bf7\u8054\u7cfb\u5e73\u53f0\u7ba1\u7406\u5458"}
[ sql ] [ DB ] CONNECT:[ UseTime:0.001061s ] mysql:host=127.0.0.1;port=3306;dbname=baseshop;charset=utf8mb4
[ sql ] [ SQL ] SHOW COLUMNS FROM `wb_operation` [ RunTime:0.000765s ]
[ sql ] [ SQL ] SELECT * FROM `wb_operation` WHERE  `type` = 'c'  AND `code` = 'common'  AND `parent_id` = 2 LIMIT 1 [ RunTime:0.000372s ]
[ sql ] [ SQL ] SHOW COLUMNS FROM `wb_setting` [ RunTime:0.000372s ]
[ sql ] [ SQL ] SELECT * FROM `wb_setting` WHERE  `skey` = 'language' LIMIT 1 [ RunTime:0.000135s ]
[ sql ] [ SQL ] SELECT * FROM `wb_setting` WHERE  `skey` = 'language' LIMIT 1 [ RunTime:0.000105s ]
[ sql ] [ SQL ] SELECT * FROM `wb_setting` WHERE  `skey` = 'shop_name' LIMIT 1 [ RunTime:0.000128s ]
[ sql ] [ SQL ] SHOW COLUMNS FROM `wb_manage` [ RunTime:0.000353s ]
[ sql ] [ SQL ] SELECT * FROM `wb_manage` WHERE  `username` = 'ljmaoyi' OR `mobile` = 'ljmaoyi' LIMIT 1 [ RunTime:0.000153s ]
[ sql ] [ SQL ] SELECT * FROM `wb_manage` WHERE  ( `username` = 'ljmaoyi' OR `mobile` = 'ljmaoyi' )  AND `password` = '3cc07ed743881489cbca652b97fc1f44' LIMIT 1 [ RunTime:0.000133s ]
[ sql ] [ SQL ] SHOW COLUMNS FROM `wb_user_log` [ RunTime:0.003090s ]
[ sql ] [ SQL ] INSERT INTO `wb_user_log` (`user_id` , `state` , `ctime` , `params` , `ip` , `type`) VALUES (13 , 1 , 1777448556 , '[]' , '127.0.0.1' , 2) [ RunTime:0.000602s ]
---------------------------------------------------------------
[2026-04-29T15:42:37+08:00] 127.0.0.1 GET localhost/manage
[运行时间：0.058963s] [吞吐率：16.96req/s] [内存消耗：4,881.75kb] [文件加载：114]
[ info ] [ LANG ] E:\wwwroot\2025\git\baseShop\thinkphp\lang\zh-cn.php
[ info ] [ ROUTE ] array (
)
[ info ] [ HEADER ] array (
  'cookie' => '_aihecong_chat_visibility=false; PHPSESSID=086647hrtinfffrn3hkk3h5te1',
  'accept-language' => 'zh-CN,zh;q=0.9',
  'accept-encoding' => 'gzip, deflate, br, zstd',
  'referer' => 'http://localhost/manage/common/login.html',
  'sec-fetch-dest' => 'document',
  'sec-fetch-user' => '?1',
  'sec-fetch-mode' => 'navigate',
  'sec-fetch-site' => 'same-origin',
  'accept' => 'text/html,application/xhtml+xml,application/xml;q=0.9,image/avif,image/webp,image/apng,*/*;q=0.8,application/signed-exchange;v=b3;q=0.7',
  'user-agent' => 'Mozilla/5.0 (Windows NT 10.0; Win64; x64) AppleWebKit/537.36 (KHTML, like Gecko) Chrome/147.0.0.0 Safari/537.36',
  'upgrade-insecure-requests' => '1',
  'sec-ch-ua-platform' => '"Windows"',
  'sec-ch-ua-mobile' => '?0',
  'sec-ch-ua' => '"Google Chrome";v="147", "Not.A/Brand";v="8", "Chromium";v="147"',
  'connection' => 'keep-alive',
  'host' => 'localhost',
  'content-length' => '',
  'content-type' => '',
)
[ info ] [ PARAM ] array (
)
[ info ] [ DB ] INIT mysql
[ info ] [ VIEW ] E:\wwwroot\2025\git\baseShop\application\manage\view\index\index.html [ array (
  0 => 'params',
  1 => 'jshopHost',
  2 => 'shop_name',
  3 => 'menu',
  4 => 'kefu',
) ]
[ sql ] [ DB ] CONNECT:[ UseTime:0.000789s ] mysql:host=127.0.0.1;port=3306;dbname=baseshop;charset=utf8mb4
[ sql ] [ SQL ] SHOW COLUMNS FROM `wb_setting` [ RunTime:0.001348s ]
[ sql ] [ SQL ] SELECT * FROM `wb_setting` WHERE  `skey` = 'shop_name' LIMIT 1 [ RunTime:0.000194s ]
[ sql ] [ SQL ] SHOW COLUMNS FROM `wb_operation` [ RunTime:0.001767s ]
[ sql ] [ SQL ] SELECT * FROM `wb_operation` WHERE  `perm_type` <= 1 ORDER BY `sort` ASC [ RunTime:0.000445s ]
[ sql ] [ SQL ] SELECT * FROM `wb_operation` [ RunTime:0.000482s ]
[ sql ] [ SQL ] SELECT * FROM `wb_setting` WHERE  `skey` = 'ent_id' LIMIT 1 [ RunTime:0.000652s ]
[ error ] [8]未定义数组索引: selected[E:\wwwroot\2025\git\baseShop\runtime\temp\e52cc7ca3449303da58cf7e818ce1862.php:118]
[ error ] [8]未定义数组索引: selected[E:\wwwroot\2025\git\baseShop\runtime\temp\e52cc7ca3449303da58cf7e818ce1862.php:118]
[ error ] [8]未定义数组索引: selected[E:\wwwroot\2025\git\baseShop\runtime\temp\e52cc7ca3449303da58cf7e818ce1862.php:118]
[ error ] [8]未定义数组索引: selected[E:\wwwroot\2025\git\baseShop\runtime\temp\e52cc7ca3449303da58cf7e818ce1862.php:118]
[ error ] [8]未定义数组索引: selected[E:\wwwroot\2025\git\baseShop\runtime\temp\e52cc7ca3449303da58cf7e818ce1862.php:118]
[ error ] [8]未定义数组索引: selected[E:\wwwroot\2025\git\baseShop\runtime\temp\e52cc7ca3449303da58cf7e818ce1862.php:118]
[ error ] [8]未定义数组索引: selected[E:\wwwroot\2025\git\baseShop\runtime\temp\e52cc7ca3449303da58cf7e818ce1862.php:118]
[ error ] [8]未定义数组索引: selected[E:\wwwroot\2025\git\baseShop\runtime\temp\e52cc7ca3449303da58cf7e818ce1862.php:118]
[ error ] [8]未定义数组索引: selected[E:\wwwroot\2025\git\baseShop\runtime\temp\e52cc7ca3449303da58cf7e818ce1862.php:118]
[ error ] [8]未定义数组索引: selected[E:\wwwroot\2025\git\baseShop\runtime\temp\e52cc7ca3449303da58cf7e818ce1862.php:118]
[ error ] [8]未定义数组索引: selected[E:\wwwroot\2025\git\baseShop\runtime\temp\e52cc7ca3449303da58cf7e818ce1862.php:118]
[ error ] [8]未定义数组索引: selected[E:\wwwroot\2025\git\baseShop\runtime\temp\e52cc7ca3449303da58cf7e818ce1862.php:118]
[ error ] [8]未定义数组索引: selected[E:\wwwroot\2025\git\baseShop\runtime\temp\e52cc7ca3449303da58cf7e818ce1862.php:118]
[ error ] [8]未定义数组索引: selected[E:\wwwroot\2025\git\baseShop\runtime\temp\e52cc7ca3449303da58cf7e818ce1862.php:118]
[ error ] [8]未定义数组索引: selected[E:\wwwroot\2025\git\baseShop\runtime\temp\e52cc7ca3449303da58cf7e818ce1862.php:118]
[ error ] [8]未定义数组索引: selected[E:\wwwroot\2025\git\baseShop\runtime\temp\e52cc7ca3449303da58cf7e818ce1862.php:118]
[ error ] [8]未定义数组索引: selected[E:\wwwroot\2025\git\baseShop\runtime\temp\e52cc7ca3449303da58cf7e818ce1862.php:118]
[ error ] [8]未定义数组索引: selected[E:\wwwroot\2025\git\baseShop\runtime\temp\e52cc7ca3449303da58cf7e818ce1862.php:118]
[ error ] [8]未定义数组索引: selected[E:\wwwroot\2025\git\baseShop\runtime\temp\e52cc7ca3449303da58cf7e818ce1862.php:118]
[ error ] [8]未定义数组索引: selected[E:\wwwroot\2025\git\baseShop\runtime\temp\e52cc7ca3449303da58cf7e818ce1862.php:118]
---------------------------------------------------------------
[2026-04-29T15:42:37+08:00] 127.0.0.1 GET localhost/manage/index/welcome.html
[运行时间：0.065379s] [吞吐率：15.30req/s] [内存消耗：5,260.63kb] [文件加载：113]
[ info ] [ LANG ] E:\wwwroot\2025\git\baseShop\thinkphp\lang\zh-cn.php
[ info ] [ ROUTE ] array (
)
[ info ] [ HEADER ] array (
  'cookie' => '_aihecong_chat_visibility=false; PHPSESSID=086647hrtinfffrn3hkk3h5te1',
  'accept-language' => 'zh-CN,zh;q=0.9',
  'accept-encoding' => 'gzip, deflate, br, zstd',
  'referer' => 'http://localhost/manage',
  'sec-fetch-dest' => 'iframe',
  'sec-fetch-mode' => 'navigate',
  'sec-fetch-site' => 'same-origin',
  'accept' => 'text/html,application/xhtml+xml,application/xml;q=0.9,image/avif,image/webp,image/apng,*/*;q=0.8,application/signed-exchange;v=b3;q=0.7',
  'user-agent' => 'Mozilla/5.0 (Windows NT 10.0; Win64; x64) AppleWebKit/537.36 (KHTML, like Gecko) Chrome/147.0.0.0 Safari/537.36',
  'upgrade-insecure-requests' => '1',
  'sec-ch-ua-platform' => '"Windows"',
  'sec-ch-ua-mobile' => '?0',
  'sec-ch-ua' => '"Google Chrome";v="147", "Not.A/Brand";v="8", "Chromium";v="147"',
  'connection' => 'keep-alive',
  'host' => 'localhost',
  'content-length' => '',
  'content-type' => '',
)
[ info ] [ PARAM ] array (
)
[ info ] [ DB ] INIT mysql
[ info ] [ VIEW ] E:\wwwroot\2025\git\baseShop\application\manage\view\index\welcome.html [ array (
  0 => 'params',
  1 => 'jshopHost',
  2 => 'shop_name',
  3 => 'unpaid_count',
  4 => 'unship_count',
  5 => 'after_sales_count',
  6 => 'goods_statics',
) ]
[ sql ] [ DB ] CONNECT:[ UseTime:0.000862s ] mysql:host=127.0.0.1;port=3306;dbname=baseshop;charset=utf8mb4
[ sql ] [ SQL ] SHOW COLUMNS FROM `wb_setting` [ RunTime:0.001286s ]
[ sql ] [ SQL ] SELECT * FROM `wb_setting` WHERE  `skey` = 'shop_name' LIMIT 1 [ RunTime:0.000182s ]
[ sql ] [ SQL ] SHOW COLUMNS FROM `wb_order` [ RunTime:0.002881s ]
[ sql ] [ SQL ] SELECT COUNT(*) AS tp_count FROM `wb_order` WHERE (  `status` = 1  AND `pay_status` = 1  AND `ship_status` = 1 ) AND `wb_order`.`isdel` IS NULL LIMIT 1 [ RunTime:0.001519s ]
[ sql ] [ SQL ] SELECT COUNT(*) AS tp_count FROM `wb_order` WHERE (  `status` = 1  AND `pay_status` = 2  AND `ship_status` IN (1,2) ) AND `wb_order`.`isdel` IS NULL LIMIT 1 [ RunTime:0.000468s ]
[ sql ] [ SQL ] SHOW COLUMNS FROM `wb_bill_aftersales` [ RunTime:0.002249s ]
[ sql ] [ SQL ] SELECT COUNT(*) AS tp_count FROM `wb_bill_aftersales` WHERE  `status` = 1 LIMIT 1 [ RunTime:0.000996s ]
[ sql ] [ SQL ] SELECT * FROM `wb_setting` WHERE  `skey` = 'shop_name' LIMIT 1 [ RunTime:0.000158s ]
[ sql ] [ SQL ] SHOW COLUMNS FROM `wb_goods` [ RunTime:0.003261s ]
[ sql ] [ SQL ] SELECT COUNT(`id`) AS tp_count FROM `wb_goods` LIMIT 1 [ RunTime:0.000535s ]
[ sql ] [ SQL ] SELECT COUNT(`id`) AS tp_count FROM `wb_goods` WHERE  `marketable` = 1 LIMIT 1 [ RunTime:0.000552s ]
[ sql ] [ SQL ] SELECT COUNT(`id`) AS tp_count FROM `wb_goods` WHERE  `marketable` = 2 LIMIT 1 [ RunTime:0.000127s ]
[ sql ] [ SQL ] SELECT * FROM `wb_setting` WHERE  `skey` = 'goods_stocks_warn' LIMIT 1 [ RunTime:0.000125s ]
[ sql ] [ SQL ] SHOW COLUMNS FROM `wb_products` [ RunTime:0.003599s ]
[ sql ] [ SQL ] SELECT COUNT(*) AS tp_count FROM ( SELECT count(id) AS think_count FROM `wb_products` WHERE  ( IF(stock < freeze_stock, 0, stock - freeze_stock)<10 ) GROUP BY `goods_id` ) `_group_count_` LIMIT 1 [ RunTime:0.000696s ]
---------------------------------------------------------------
[2026-04-29T15:42:38+08:00] 127.0.0.1 GET localhost/manage/administrator/userloglist/state/1.html
[运行时间：0.044733s] [吞吐率：22.35req/s] [内存消耗：4,570.42kb] [文件加载：110]
[ info ] [ LANG ] E:\wwwroot\2025\git\baseShop\thinkphp\lang\zh-cn.php
[ info ] [ ROUTE ] array (
)
[ info ] [ HEADER ] array (
  'cookie' => '_aihecong_chat_visibility=false; PHPSESSID=086647hrtinfffrn3hkk3h5te1',
  'accept-language' => 'zh-CN,zh;q=0.9',
  'accept-encoding' => 'gzip, deflate, br, zstd',
  'referer' => 'http://localhost/manage/index/welcome.html',
  'sec-fetch-dest' => 'empty',
  'sec-fetch-mode' => 'cors',
  'sec-fetch-site' => 'same-origin',
  'sec-ch-ua-mobile' => '?0',
  'sec-ch-ua' => '"Google Chrome";v="147", "Not.A/Brand";v="8", "Chromium";v="147"',
  'accept' => '*/*',
  'user-agent' => 'Mozilla/5.0 (Windows NT 10.0; Win64; x64) AppleWebKit/537.36 (KHTML, like Gecko) Chrome/147.0.0.0 Safari/537.36',
  'x-requested-with' => 'XMLHttpRequest',
  'sec-ch-ua-platform' => '"Windows"',
  'connection' => 'keep-alive',
  'host' => 'localhost',
  'content-length' => '',
  'content-type' => '',
)
[ info ] [ PARAM ] array (
  'state' => '1',
)
[ info ] [ DB ] INIT mysql
[ sql ] [ DB ] CONNECT:[ UseTime:0.001119s ] mysql:host=127.0.0.1;port=3306;dbname=baseshop;charset=utf8mb4
[ sql ] [ SQL ] SHOW COLUMNS FROM `wb_setting` [ RunTime:0.001466s ]
[ sql ] [ SQL ] SELECT * FROM `wb_setting` WHERE  `skey` = 'shop_name' LIMIT 1 [ RunTime:0.000217s ]
[ sql ] [ SQL ] SHOW COLUMNS FROM `wb_user_log` [ RunTime:0.002074s ]
[ sql ] [ SQL ] SELECT COUNT(*) AS tp_count FROM `wb_user_log` WHERE  `state` = 1  AND `type` = 2 LIMIT 1 [ RunTime:0.000282s ]
[ sql ] [ SQL ] SELECT * FROM `wb_user_log` WHERE  `state` = 1  AND `type` = 2 ORDER BY `ctime` DESC LIMIT 0,10 [ RunTime:0.000193s ]
[ sql ] [ SQL ] SHOW COLUMNS FROM `wb_manage` [ RunTime:0.001274s ]
[ sql ] [ SQL ] SELECT `id`,`username`,`nickname`,`mobile` FROM `wb_manage` WHERE  `id` = 13 LIMIT 1 [ RunTime:0.000254s ]
[ sql ] [ SQL ] SELECT `id`,`username`,`nickname`,`mobile` FROM `wb_manage` WHERE  `id` = 13 LIMIT 1 [ RunTime:0.000173s ]
[ sql ] [ SQL ] SELECT `id`,`username`,`nickname`,`mobile` FROM `wb_manage` WHERE  `id` = 13 LIMIT 1 [ RunTime:0.000177s ]
[ sql ] [ SQL ] SELECT `id`,`username`,`nickname`,`mobile` FROM `wb_manage` WHERE  `id` = 13 LIMIT 1 [ RunTime:0.000161s ]
[ sql ] [ SQL ] SELECT `id`,`username`,`nickname`,`mobile` FROM `wb_manage` WHERE  `id` = 13 LIMIT 1 [ RunTime:0.000146s ]
[ sql ] [ SQL ] SELECT `id`,`username`,`nickname`,`mobile` FROM `wb_manage` WHERE  `id` = 13 LIMIT 1 [ RunTime:0.000213s ]
[ sql ] [ SQL ] SELECT `id`,`username`,`nickname`,`mobile` FROM `wb_manage` WHERE  `id` = 13 LIMIT 1 [ RunTime:0.000163s ]
[ sql ] [ SQL ] SELECT `id`,`username`,`nickname`,`mobile` FROM `wb_manage` WHERE  `id` = 13 LIMIT 1 [ RunTime:0.000137s ]
[ sql ] [ SQL ] SELECT `id`,`username`,`nickname`,`mobile` FROM `wb_manage` WHERE  `id` = 13 LIMIT 1 [ RunTime:0.000120s ]
---------------------------------------------------------------
[2026-04-29T15:42:38+08:00] 127.0.0.1 GET localhost/manage/operation_log/getlastlog.html
[运行时间：0.059162s] [吞吐率：16.90req/s] [内存消耗：4,523.48kb] [文件加载：110]
[ info ] [ LANG ] E:\wwwroot\2025\git\baseShop\thinkphp\lang\zh-cn.php
[ info ] [ ROUTE ] array (
)
[ info ] [ HEADER ] array (
  'cookie' => '_aihecong_chat_visibility=false; PHPSESSID=086647hrtinfffrn3hkk3h5te1',
  'accept-language' => 'zh-CN,zh;q=0.9',
  'accept-encoding' => 'gzip, deflate, br, zstd',
  'referer' => 'http://localhost/manage/index/welcome.html',
  'sec-fetch-dest' => 'empty',
  'sec-fetch-mode' => 'cors',
  'sec-fetch-site' => 'same-origin',
  'sec-ch-ua-mobile' => '?0',
  'sec-ch-ua' => '"Google Chrome";v="147", "Not.A/Brand";v="8", "Chromium";v="147"',
  'accept' => 'application/json, text/javascript, */*; q=0.01',
  'user-agent' => 'Mozilla/5.0 (Windows NT 10.0; Win64; x64) AppleWebKit/537.36 (KHTML, like Gecko) Chrome/147.0.0.0 Safari/537.36',
  'x-requested-with' => 'XMLHttpRequest',
  'sec-ch-ua-platform' => '"Windows"',
  'connection' => 'keep-alive',
  'host' => 'localhost',
  'content-length' => '',
  'content-type' => '',
)
[ info ] [ PARAM ] array (
)
[ info ] [ DB ] INIT mysql
[ sql ] [ DB ] CONNECT:[ UseTime:0.011011s ] mysql:host=127.0.0.1;port=3306;dbname=baseshop;charset=utf8mb4
[ sql ] [ SQL ] SHOW COLUMNS FROM `wb_setting` [ RunTime:0.002539s ]
[ sql ] [ SQL ] SELECT * FROM `wb_setting` WHERE  `skey` = 'shop_name' LIMIT 1 [ RunTime:0.000402s ]
[ sql ] [ SQL ] SHOW COLUMNS FROM `wb_operation_log` [ RunTime:0.003174s ]
[ sql ] [ SQL ] SELECT COUNT(*) AS tp_count FROM `wb_operation_log` LIMIT 1 [ RunTime:0.000461s ]
[ sql ] [ SQL ] SELECT * FROM `wb_operation_log` ORDER BY `id` DESC LIMIT 0,10 [ RunTime:0.000165s ]
[ sql ] [ SQL ] SHOW COLUMNS FROM `wb_manage` [ RunTime:0.001202s ]
[ sql ] [ SQL ] SELECT * FROM `wb_manage` WHERE  `id` = 13 LIMIT 1 [ RunTime:0.000234s ]
[ sql ] [ SQL ] SELECT * FROM `wb_manage` WHERE  `id` = 13 LIMIT 1 [ RunTime:0.000155s ]
[ sql ] [ SQL ] SELECT * FROM `wb_manage` WHERE  `id` = 13 LIMIT 1 [ RunTime:0.000243s ]
[ sql ] [ SQL ] SELECT * FROM `wb_manage` WHERE  `id` = 13 LIMIT 1 [ RunTime:0.000259s ]
[ sql ] [ SQL ] SELECT * FROM `wb_manage` WHERE  `id` = 13 LIMIT 1 [ RunTime:0.000235s ]
[ sql ] [ SQL ] SELECT * FROM `wb_manage` WHERE  `id` = 13 LIMIT 1 [ RunTime:0.000296s ]
[ sql ] [ SQL ] SELECT * FROM `wb_manage` WHERE  `id` = 13 LIMIT 1 [ RunTime:0.000280s ]
[ sql ] [ SQL ] SELECT * FROM `wb_manage` WHERE  `id` = 13 LIMIT 1 [ RunTime:0.000298s ]
[ sql ] [ SQL ] SELECT * FROM `wb_manage` WHERE  `id` = 13 LIMIT 1 [ RunTime:0.000447s ]
[ sql ] [ SQL ] SELECT * FROM `wb_manage` WHERE  `id` = 13 LIMIT 1 [ RunTime:0.000300s ]
---------------------------------------------------------------
[2026-04-29T15:42:38+08:00] 127.0.0.1 GET localhost/manage/user/statistics.html
[运行时间：0.075839s] [吞吐率：13.19req/s] [内存消耗：5,000.05kb] [文件加载：111]
[ info ] [ LANG ] E:\wwwroot\2025\git\baseShop\thinkphp\lang\zh-cn.php
[ info ] [ ROUTE ] array (
)
[ info ] [ HEADER ] array (
  'cookie' => '_aihecong_chat_visibility=false; PHPSESSID=086647hrtinfffrn3hkk3h5te1',
  'accept-language' => 'zh-CN,zh;q=0.9',
  'accept-encoding' => 'gzip, deflate, br, zstd',
  'referer' => 'http://localhost/manage/index/welcome.html',
  'sec-fetch-dest' => 'empty',
  'sec-fetch-mode' => 'cors',
  'sec-fetch-site' => 'same-origin',
  'sec-ch-ua-mobile' => '?0',
  'sec-ch-ua' => '"Google Chrome";v="147", "Not.A/Brand";v="8", "Chromium";v="147"',
  'accept' => '*/*',
  'user-agent' => 'Mozilla/5.0 (Windows NT 10.0; Win64; x64) AppleWebKit/537.36 (KHTML, like Gecko) Chrome/147.0.0.0 Safari/537.36',
  'x-requested-with' => 'XMLHttpRequest',
  'sec-ch-ua-platform' => '"Windows"',
  'connection' => 'keep-alive',
  'host' => 'localhost',
  'content-length' => '',
  'content-type' => '',
)
[ info ] [ PARAM ] array (
)
[ info ] [ DB ] INIT mysql
[ sql ] [ DB ] CONNECT:[ UseTime:0.000928s ] mysql:host=127.0.0.1;port=3306;dbname=baseshop;charset=utf8mb4
[ sql ] [ SQL ] SHOW COLUMNS FROM `wb_setting` [ RunTime:0.001455s ]
[ sql ] [ SQL ] SELECT * FROM `wb_setting` WHERE  `skey` = 'shop_name' LIMIT 1 [ RunTime:0.000236s ]
[ sql ] [ SQL ] SHOW COLUMNS FROM `wb_user` [ RunTime:0.004569s ]
[ sql ] [ SQL ] SELECT DATE_FORMAT(from_unixtime(ctime),"%Y-%m-%d") as day, count(*) as nums FROM `wb_user` WHERE (  `ctime` > 1776843758  AND ( TIMESTAMPDIFF(DAY,from_unixtime(ctime),now()) <7 ) ) AND `wb_user`.`isdel` IS NULL GROUP BY DATE_FORMAT(from_unixtime(ctime),"%Y-%m-%d") [ RunTime:0.000630s ]
[ sql ] [ SQL ] SHOW COLUMNS FROM `wb_order` [ RunTime:0.001503s ]
[ sql ] [ SQL ] SELECT COUNT(*) AS tp_count FROM ( SELECT count(*) AS think_count FROM `wb_order` WHERE (  `ctime` < 1777448558  AND `ctime` >= 1777392000 ) AND `wb_order`.`isdel` IS NULL GROUP BY `user_id` ) `_group_count_` LIMIT 1 [ RunTime:0.000262s ]
[ sql ] [ SQL ] SELECT COUNT(*) AS tp_count FROM ( SELECT count(*) AS think_count FROM `wb_order` WHERE (  `ctime` < 1777391999  AND `ctime` >= 1777305600 ) AND `wb_order`.`isdel` IS NULL GROUP BY `user_id` ) `_group_count_` LIMIT 1 [ RunTime:0.000166s ]
[ sql ] [ SQL ] SELECT COUNT(*) AS tp_count FROM ( SELECT count(*) AS think_count FROM `wb_order` WHERE (  `ctime` < 1777305599  AND `ctime` >= 1777219200 ) AND `wb_order`.`isdel` IS NULL GROUP BY `user_id` ) `_group_count_` LIMIT 1 [ RunTime:0.000280s ]
[ sql ] [ SQL ] SELECT COUNT(*) AS tp_count FROM ( SELECT count(*) AS think_count FROM `wb_order` WHERE (  `ctime` < 1777219199  AND `ctime` >= 1777132800 ) AND `wb_order`.`isdel` IS NULL GROUP BY `user_id` ) `_group_count_` LIMIT 1 [ RunTime:0.000268s ]
[ sql ] [ SQL ] SELECT COUNT(*) AS tp_count FROM ( SELECT count(*) AS think_count FROM `wb_order` WHERE (  `ctime` < 1777132799  AND `ctime` >= 1777046400 ) AND `wb_order`.`isdel` IS NULL GROUP BY `user_id` ) `_group_count_` LIMIT 1 [ RunTime:0.000243s ]
[ sql ] [ SQL ] SELECT COUNT(*) AS tp_count FROM ( SELECT count(*) AS think_count FROM `wb_order` WHERE (  `ctime` < 1777046399  AND `ctime` >= 1776960000 ) AND `wb_order`.`isdel` IS NULL GROUP BY `user_id` ) `_group_count_` LIMIT 1 [ RunTime:0.000240s ]
[ sql ] [ SQL ] SELECT COUNT(*) AS tp_count FROM ( SELECT count(*) AS think_count FROM `wb_order` WHERE (  `ctime` < 1776959999  AND `ctime` >= 1776873600 ) AND `wb_order`.`isdel` IS NULL GROUP BY `user_id` ) `_group_count_` LIMIT 1 [ RunTime:0.000241s ]
---------------------------------------------------------------
[2026-04-29T15:42:38+08:00] 127.0.0.1 GET localhost/manage/order/statistics.html
[运行时间：0.049643s] [吞吐率：20.14req/s] [内存消耗：4,691.42kb] [文件加载：110]
[ info ] [ LANG ] E:\wwwroot\2025\git\baseShop\thinkphp\lang\zh-cn.php
[ info ] [ ROUTE ] array (
)
[ info ] [ HEADER ] array (
  'cookie' => '_aihecong_chat_visibility=false; PHPSESSID=086647hrtinfffrn3hkk3h5te1',
  'accept-language' => 'zh-CN,zh;q=0.9',
  'accept-encoding' => 'gzip, deflate, br, zstd',
  'referer' => 'http://localhost/manage/index/welcome.html',
  'sec-fetch-dest' => 'empty',
  'sec-fetch-mode' => 'cors',
  'sec-fetch-site' => 'same-origin',
  'sec-ch-ua-mobile' => '?0',
  'sec-ch-ua' => '"Google Chrome";v="147", "Not.A/Brand";v="8", "Chromium";v="147"',
  'accept' => '*/*',
  'user-agent' => 'Mozilla/5.0 (Windows NT 10.0; Win64; x64) AppleWebKit/537.36 (KHTML, like Gecko) Chrome/147.0.0.0 Safari/537.36',
  'x-requested-with' => 'XMLHttpRequest',
  'sec-ch-ua-platform' => '"Windows"',
  'connection' => 'keep-alive',
  'host' => 'localhost',
  'content-length' => '',
  'content-type' => '',
)
[ info ] [ PARAM ] array (
)
[ info ] [ DB ] INIT mysql
[ sql ] [ DB ] CONNECT:[ UseTime:0.000954s ] mysql:host=127.0.0.1;port=3306;dbname=baseshop;charset=utf8mb4
[ sql ] [ SQL ] SHOW COLUMNS FROM `wb_setting` [ RunTime:0.001358s ]
[ sql ] [ SQL ] SELECT * FROM `wb_setting` WHERE  `skey` = 'shop_name' LIMIT 1 [ RunTime:0.000196s ]
[ sql ] [ SQL ] SHOW COLUMNS FROM `wb_bill_payments` [ RunTime:0.002372s ]
[ sql ] [ SQL ] SELECT count(1) AS `nums`,DATE_FORMAT(FROM_UNIXTIME(ctime),"%Y-%m-%d") AS `day` FROM `wb_bill_payments` WHERE  `status` = 2  AND `type` = 1  AND ( FROM_UNIXTIME(ctime) >= 2026-04-22 ) GROUP BY DATE_FORMAT(FROM_UNIXTIME(ctime),"%Y-%m-%d") [ RunTime:0.002400s ]
[ sql ] [ SQL ] SHOW COLUMNS FROM `wb_bill_delivery` [ RunTime:0.002766s ]
[ sql ] [ SQL ] SELECT count(1) AS `nums`,DATE_FORMAT(FROM_UNIXTIME(ctime),"%Y-%m-%d") AS `day` FROM `wb_bill_delivery` WHERE  ( FROM_UNIXTIME(ctime) >= 2026-04-22 ) GROUP BY DATE_FORMAT(FROM_UNIXTIME(ctime),"%Y-%m-%d") [ RunTime:0.001556s ]
---------------------------------------------------------------
[2026-04-29T15:44:53+08:00] 127.0.0.1 GET localhost/manage/user/index.html
[运行时间：0.042405s] [吞吐率：23.58req/s] [内存消耗：4,584.45kb] [文件加载：110]
[ info ] [ LANG ] E:\wwwroot\2025\git\baseShop\thinkphp\lang\zh-cn.php
[ info ] [ ROUTE ] array (
)
[ info ] [ HEADER ] array (
  'cookie' => '_aihecong_chat_visibility=false; PHPSESSID=086647hrtinfffrn3hkk3h5te1',
  'accept-language' => 'zh-CN,zh;q=0.9',
  'accept-encoding' => 'gzip, deflate, br, zstd',
  'referer' => 'http://localhost/manage',
  'sec-fetch-dest' => 'iframe',
  'sec-fetch-user' => '?1',
  'sec-fetch-mode' => 'navigate',
  'sec-fetch-site' => 'same-origin',
  'accept' => 'text/html,application/xhtml+xml,application/xml;q=0.9,image/avif,image/webp,image/apng,*/*;q=0.8,application/signed-exchange;v=b3;q=0.7',
  'user-agent' => 'Mozilla/5.0 (Windows NT 10.0; Win64; x64) AppleWebKit/537.36 (KHTML, like Gecko) Chrome/147.0.0.0 Safari/537.36',
  'upgrade-insecure-requests' => '1',
  'sec-ch-ua-platform' => '"Windows"',
  'sec-ch-ua-mobile' => '?0',
  'sec-ch-ua' => '"Google Chrome";v="147", "Not.A/Brand";v="8", "Chromium";v="147"',
  'connection' => 'keep-alive',
  'host' => 'localhost',
  'content-length' => '',
  'content-type' => '',
)
[ info ] [ PARAM ] array (
)
[ info ] [ DB ] INIT mysql
[ info ] [ VIEW ] E:\wwwroot\2025\git\baseShop\application\manage\view\user\index.html [ array (
  0 => 'params',
  1 => 'jshopHost',
  2 => 'shop_name',
  3 => 'grade',
) ]
[ sql ] [ DB ] CONNECT:[ UseTime:0.000815s ] mysql:host=127.0.0.1;port=3306;dbname=baseshop;charset=utf8mb4
[ sql ] [ SQL ] SHOW COLUMNS FROM `wb_setting` [ RunTime:0.001332s ]
[ sql ] [ SQL ] SELECT * FROM `wb_setting` WHERE  `skey` = 'shop_name' LIMIT 1 [ RunTime:0.000183s ]
[ sql ] [ SQL ] SHOW COLUMNS FROM `wb_user_grade` [ RunTime:0.002064s ]
[ sql ] [ SQL ] SELECT * FROM `wb_user_grade` [ RunTime:0.001035s ]
---------------------------------------------------------------
[2026-04-29T15:44:53+08:00] 127.0.0.1 GET localhost/manage/user/index.html?_ajax=1&page=1&limit=20
[运行时间：0.063029s] [吞吐率：15.87req/s] [内存消耗：4,962.94kb] [文件加载：118]
[ info ] [ LANG ] E:\wwwroot\2025\git\baseShop\thinkphp\lang\zh-cn.php
[ info ] [ ROUTE ] array (
)
[ info ] [ HEADER ] array (
  'cookie' => '_aihecong_chat_visibility=false; PHPSESSID=086647hrtinfffrn3hkk3h5te1',
  'accept-language' => 'zh-CN,zh;q=0.9',
  'accept-encoding' => 'gzip, deflate, br, zstd',
  'referer' => 'http://localhost/manage/user/index.html',
  'sec-fetch-dest' => 'empty',
  'sec-fetch-mode' => 'cors',
  'sec-fetch-site' => 'same-origin',
  'sec-ch-ua-mobile' => '?0',
  'sec-ch-ua' => '"Google Chrome";v="147", "Not.A/Brand";v="8", "Chromium";v="147"',
  'accept' => 'application/json, text/javascript, */*; q=0.01',
  'user-agent' => 'Mozilla/5.0 (Windows NT 10.0; Win64; x64) AppleWebKit/537.36 (KHTML, like Gecko) Chrome/147.0.0.0 Safari/537.36',
  'x-requested-with' => 'XMLHttpRequest',
  'sec-ch-ua-platform' => '"Windows"',
  'connection' => 'keep-alive',
  'host' => 'localhost',
  'content-length' => '',
  'content-type' => '',
)
[ info ] [ PARAM ] array (
  '_ajax' => '1',
  'page' => '1',
  'limit' => '20',
)
[ info ] [ DB ] INIT mysql
[ sql ] [ DB ] CONNECT:[ UseTime:0.000807s ] mysql:host=127.0.0.1;port=3306;dbname=baseshop;charset=utf8mb4
[ sql ] [ SQL ] SHOW COLUMNS FROM `wb_setting` [ RunTime:0.001359s ]
[ sql ] [ SQL ] SELECT * FROM `wb_setting` WHERE  `skey` = 'shop_name' LIMIT 1 [ RunTime:0.000178s ]
[ sql ] [ SQL ] SHOW COLUMNS FROM `wb_user` [ RunTime:0.001755s ]
[ sql ] [ SQL ] SELECT COUNT(*) AS tp_count FROM `wb_user` WHERE `wb_user`.`isdel` IS NULL LIMIT 1 [ RunTime:0.000207s ]
[ sql ] [ SQL ] SELECT * FROM `wb_user` WHERE `wb_user`.`isdel` IS NULL ORDER BY `id` DESC LIMIT 0,20 [ RunTime:0.000314s ]
[ sql ] [ SQL ] SHOW COLUMNS FROM `wb_user_grade` [ RunTime:0.002263s ]
[ sql ] [ SQL ] SELECT * FROM `wb_user_grade` WHERE  `id` IN (1) [ RunTime:0.000241s ]
[ sql ] [ SQL ] SHOW COLUMNS FROM `wb_user_wx` [ RunTime:0.003031s ]
[ sql ] [ SQL ] SELECT * FROM `wb_user_wx` WHERE  `user_id` IN (1) [ RunTime:0.000175s ]
[ sql ] [ SQL ] SHOW COLUMNS FROM `wb_area` [ RunTime:0.002040s ]
[ sql ] [ SQL ] SELECT `id`,`name`,`parent_id`,`postal_code` FROM `wb_area` WHERE  `id` = 340203 LIMIT 1 [ RunTime:0.001437s ]
[ sql ] [ SQL ] SELECT `id`,`name`,`parent_id`,`postal_code` FROM `wb_area` WHERE  `parent_id` = 340200 [ RunTime:0.005172s ]
[ sql ] [ SQL ] SELECT `id`,`name`,`parent_id`,`postal_code` FROM `wb_area` WHERE  `id` = 340200 LIMIT 1 [ RunTime:0.000932s ]
[ sql ] [ SQL ] SELECT `id`,`name`,`parent_id`,`postal_code` FROM `wb_area` WHERE  `parent_id` = 340000 [ RunTime:0.000887s ]
[ sql ] [ SQL ] SELECT `id`,`name`,`parent_id`,`postal_code` FROM `wb_area` WHERE  `id` = 340000 LIMIT 1 [ RunTime:0.000161s ]
[ sql ] [ SQL ] SELECT `id`,`name`,`parent_id`,`postal_code` FROM `wb_area` WHERE  `parent_id` = 0 [ RunTime:0.000676s ]
---------------------------------------------------------------
[2026-04-29T15:45:18+08:00] 127.0.0.1 GET localhost/manage
[运行时间：0.045604s] [吞吐率：21.93req/s] [内存消耗：4,596.03kb] [文件加载：110]
[ info ] [ LANG ] E:\wwwroot\2025\git\baseShop\thinkphp\lang\zh-cn.php
[ info ] [ ROUTE ] array (
)
[ info ] [ HEADER ] array (
  'cookie' => '_aihecong_chat_visibility=false; PHPSESSID=086647hrtinfffrn3hkk3h5te1',
  'accept-language' => 'zh-CN,zh;q=0.9',
  'accept-encoding' => 'gzip, deflate, br, zstd',
  'referer' => 'http://localhost/manage/common/login.html',
  'sec-fetch-dest' => 'document',
  'sec-fetch-user' => '?1',
  'sec-fetch-mode' => 'navigate',
  'sec-fetch-site' => 'same-origin',
  'accept' => 'text/html,application/xhtml+xml,application/xml;q=0.9,image/avif,image/webp,image/apng,*/*;q=0.8,application/signed-exchange;v=b3;q=0.7',
  'user-agent' => 'Mozilla/5.0 (Windows NT 10.0; Win64; x64) AppleWebKit/537.36 (KHTML, like Gecko) Chrome/147.0.0.0 Safari/537.36',
  'upgrade-insecure-requests' => '1',
  'sec-ch-ua-platform' => '"Windows"',
  'sec-ch-ua-mobile' => '?0',
  'sec-ch-ua' => '"Google Chrome";v="147", "Not.A/Brand";v="8", "Chromium";v="147"',
  'cache-control' => 'max-age=0',
  'connection' => 'keep-alive',
  'host' => 'localhost',
  'content-length' => '',
  'content-type' => '',
)
[ info ] [ PARAM ] array (
)
[ info ] [ DB ] INIT mysql
[ info ] [ VIEW ] E:\wwwroot\2025\git\baseShop\application\manage\view\index\index.html [ array (
  0 => 'params',
  1 => 'jshopHost',
  2 => 'shop_name',
  3 => 'menu',
  4 => 'kefu',
) ]
[ sql ] [ DB ] CONNECT:[ UseTime:0.001062s ] mysql:host=127.0.0.1;port=3306;dbname=baseshop;charset=utf8mb4
[ sql ] [ SQL ] SHOW COLUMNS FROM `wb_setting` [ RunTime:0.001452s ]
[ sql ] [ SQL ] SELECT * FROM `wb_setting` WHERE  `skey` = 'shop_name' LIMIT 1 [ RunTime:0.000229s ]
[ sql ] [ SQL ] SELECT * FROM `wb_setting` WHERE  `skey` = 'ent_id' LIMIT 1 [ RunTime:0.000283s ]
[ error ] [8]未定义数组索引: selected[E:\wwwroot\2025\git\baseShop\runtime\temp\e52cc7ca3449303da58cf7e818ce1862.php:118]
[ error ] [8]未定义数组索引: selected[E:\wwwroot\2025\git\baseShop\runtime\temp\e52cc7ca3449303da58cf7e818ce1862.php:118]
[ error ] [8]未定义数组索引: selected[E:\wwwroot\2025\git\baseShop\runtime\temp\e52cc7ca3449303da58cf7e818ce1862.php:118]
[ error ] [8]未定义数组索引: selected[E:\wwwroot\2025\git\baseShop\runtime\temp\e52cc7ca3449303da58cf7e818ce1862.php:118]
[ error ] [8]未定义数组索引: selected[E:\wwwroot\2025\git\baseShop\runtime\temp\e52cc7ca3449303da58cf7e818ce1862.php:118]
[ error ] [8]未定义数组索引: selected[E:\wwwroot\2025\git\baseShop\runtime\temp\e52cc7ca3449303da58cf7e818ce1862.php:118]
[ error ] [8]未定义数组索引: selected[E:\wwwroot\2025\git\baseShop\runtime\temp\e52cc7ca3449303da58cf7e818ce1862.php:118]
[ error ] [8]未定义数组索引: selected[E:\wwwroot\2025\git\baseShop\runtime\temp\e52cc7ca3449303da58cf7e818ce1862.php:118]
[ error ] [8]未定义数组索引: selected[E:\wwwroot\2025\git\baseShop\runtime\temp\e52cc7ca3449303da58cf7e818ce1862.php:118]
[ error ] [8]未定义数组索引: selected[E:\wwwroot\2025\git\baseShop\runtime\temp\e52cc7ca3449303da58cf7e818ce1862.php:118]
[ error ] [8]未定义数组索引: selected[E:\wwwroot\2025\git\baseShop\runtime\temp\e52cc7ca3449303da58cf7e818ce1862.php:118]
[ error ] [8]未定义数组索引: selected[E:\wwwroot\2025\git\baseShop\runtime\temp\e52cc7ca3449303da58cf7e818ce1862.php:118]
[ error ] [8]未定义数组索引: selected[E:\wwwroot\2025\git\baseShop\runtime\temp\e52cc7ca3449303da58cf7e818ce1862.php:118]
[ error ] [8]未定义数组索引: selected[E:\wwwroot\2025\git\baseShop\runtime\temp\e52cc7ca3449303da58cf7e818ce1862.php:118]
[ error ] [8]未定义数组索引: selected[E:\wwwroot\2025\git\baseShop\runtime\temp\e52cc7ca3449303da58cf7e818ce1862.php:118]
[ error ] [8]未定义数组索引: selected[E:\wwwroot\2025\git\baseShop\runtime\temp\e52cc7ca3449303da58cf7e818ce1862.php:118]
[ error ] [8]未定义数组索引: selected[E:\wwwroot\2025\git\baseShop\runtime\temp\e52cc7ca3449303da58cf7e818ce1862.php:118]
[ error ] [8]未定义数组索引: selected[E:\wwwroot\2025\git\baseShop\runtime\temp\e52cc7ca3449303da58cf7e818ce1862.php:118]
[ error ] [8]未定义数组索引: selected[E:\wwwroot\2025\git\baseShop\runtime\temp\e52cc7ca3449303da58cf7e818ce1862.php:118]
[ error ] [8]未定义数组索引: selected[E:\wwwroot\2025\git\baseShop\runtime\temp\e52cc7ca3449303da58cf7e818ce1862.php:118]
---------------------------------------------------------------
[2026-04-29T15:45:18+08:00] 127.0.0.1 GET localhost/manage/index/welcome.html
[运行时间：0.045174s] [吞吐率：22.14req/s] [内存消耗：5,260.63kb] [文件加载：113]
[ info ] [ LANG ] E:\wwwroot\2025\git\baseShop\thinkphp\lang\zh-cn.php
[ info ] [ ROUTE ] array (
)
[ info ] [ HEADER ] array (
  'cookie' => '_aihecong_chat_visibility=false; PHPSESSID=086647hrtinfffrn3hkk3h5te1',
  'accept-language' => 'zh-CN,zh;q=0.9',
  'accept-encoding' => 'gzip, deflate, br, zstd',
  'referer' => 'http://localhost/manage',
  'sec-fetch-dest' => 'iframe',
  'sec-fetch-mode' => 'navigate',
  'sec-fetch-site' => 'same-origin',
  'accept' => 'text/html,application/xhtml+xml,application/xml;q=0.9,image/avif,image/webp,image/apng,*/*;q=0.8,application/signed-exchange;v=b3;q=0.7',
  'user-agent' => 'Mozilla/5.0 (Windows NT 10.0; Win64; x64) AppleWebKit/537.36 (KHTML, like Gecko) Chrome/147.0.0.0 Safari/537.36',
  'upgrade-insecure-requests' => '1',
  'sec-ch-ua-platform' => '"Windows"',
  'sec-ch-ua-mobile' => '?0',
  'sec-ch-ua' => '"Google Chrome";v="147", "Not.A/Brand";v="8", "Chromium";v="147"',
  'connection' => 'keep-alive',
  'host' => 'localhost',
  'content-length' => '',
  'content-type' => '',
)
[ info ] [ PARAM ] array (
)
[ info ] [ DB ] INIT mysql
[ info ] [ VIEW ] E:\wwwroot\2025\git\baseShop\application\manage\view\index\welcome.html [ array (
  0 => 'params',
  1 => 'jshopHost',
  2 => 'shop_name',
  3 => 'unpaid_count',
  4 => 'unship_count',
  5 => 'after_sales_count',
  6 => 'goods_statics',
) ]
[ sql ] [ DB ] CONNECT:[ UseTime:0.000815s ] mysql:host=127.0.0.1;port=3306;dbname=baseshop;charset=utf8mb4
[ sql ] [ SQL ] SHOW COLUMNS FROM `wb_setting` [ RunTime:0.001291s ]
[ sql ] [ SQL ] SELECT * FROM `wb_setting` WHERE  `skey` = 'shop_name' LIMIT 1 [ RunTime:0.000176s ]
[ sql ] [ SQL ] SHOW COLUMNS FROM `wb_order` [ RunTime:0.001548s ]
[ sql ] [ SQL ] SELECT COUNT(*) AS tp_count FROM `wb_order` WHERE (  `status` = 1  AND `pay_status` = 1  AND `ship_status` = 1 ) AND `wb_order`.`isdel` IS NULL LIMIT 1 [ RunTime:0.000202s ]
[ sql ] [ SQL ] SELECT COUNT(*) AS tp_count FROM `wb_order` WHERE (  `status` = 1  AND `pay_status` = 2  AND `ship_status` IN (1,2) ) AND `wb_order`.`isdel` IS NULL LIMIT 1 [ RunTime:0.000133s ]
[ sql ] [ SQL ] SHOW COLUMNS FROM `wb_bill_aftersales` [ RunTime:0.001160s ]
[ sql ] [ SQL ] SELECT COUNT(*) AS tp_count FROM `wb_bill_aftersales` WHERE  `status` = 1 LIMIT 1 [ RunTime:0.000146s ]
[ sql ] [ SQL ] SELECT * FROM `wb_setting` WHERE  `skey` = 'shop_name' LIMIT 1 [ RunTime:0.000125s ]
[ sql ] [ SQL ] SHOW COLUMNS FROM `wb_goods` [ RunTime:0.001531s ]
[ sql ] [ SQL ] SELECT COUNT(`id`) AS tp_count FROM `wb_goods` LIMIT 1 [ RunTime:0.000200s ]
[ sql ] [ SQL ] SELECT COUNT(`id`) AS tp_count FROM `wb_goods` WHERE  `marketable` = 1 LIMIT 1 [ RunTime:0.000196s ]
[ sql ] [ SQL ] SELECT COUNT(`id`) AS tp_count FROM `wb_goods` WHERE  `marketable` = 2 LIMIT 1 [ RunTime:0.000121s ]
[ sql ] [ SQL ] SELECT * FROM `wb_setting` WHERE  `skey` = 'goods_stocks_warn' LIMIT 1 [ RunTime:0.000123s ]
[ sql ] [ SQL ] SHOW COLUMNS FROM `wb_products` [ RunTime:0.001189s ]
[ sql ] [ SQL ] SELECT COUNT(*) AS tp_count FROM ( SELECT count(id) AS think_count FROM `wb_products` WHERE  ( IF(stock < freeze_stock, 0, stock - freeze_stock)<10 ) GROUP BY `goods_id` ) `_group_count_` LIMIT 1 [ RunTime:0.000201s ]
---------------------------------------------------------------
[2026-04-29T15:45:18+08:00] 127.0.0.1 GET localhost/manage/administrator/userloglist/state/1.html
[运行时间：0.039625s] [吞吐率：25.24req/s] [内存消耗：4,570.42kb] [文件加载：110]
[ info ] [ LANG ] E:\wwwroot\2025\git\baseShop\thinkphp\lang\zh-cn.php
[ info ] [ ROUTE ] array (
)
[ info ] [ HEADER ] array (
  'cookie' => '_aihecong_chat_visibility=false; PHPSESSID=086647hrtinfffrn3hkk3h5te1',
  'accept-language' => 'zh-CN,zh;q=0.9',
  'accept-encoding' => 'gzip, deflate, br, zstd',
  'referer' => 'http://localhost/manage/index/welcome.html',
  'sec-fetch-dest' => 'empty',
  'sec-fetch-mode' => 'cors',
  'sec-fetch-site' => 'same-origin',
  'sec-ch-ua-mobile' => '?0',
  'sec-ch-ua' => '"Google Chrome";v="147", "Not.A/Brand";v="8", "Chromium";v="147"',
  'accept' => '*/*',
  'user-agent' => 'Mozilla/5.0 (Windows NT 10.0; Win64; x64) AppleWebKit/537.36 (KHTML, like Gecko) Chrome/147.0.0.0 Safari/537.36',
  'x-requested-with' => 'XMLHttpRequest',
  'sec-ch-ua-platform' => '"Windows"',
  'connection' => 'keep-alive',
  'host' => 'localhost',
  'content-length' => '',
  'content-type' => '',
)
[ info ] [ PARAM ] array (
  'state' => '1',
)
[ info ] [ DB ] INIT mysql
[ sql ] [ DB ] CONNECT:[ UseTime:0.001548s ] mysql:host=127.0.0.1;port=3306;dbname=baseshop;charset=utf8mb4
[ sql ] [ SQL ] SHOW COLUMNS FROM `wb_setting` [ RunTime:0.000750s ]
[ sql ] [ SQL ] SELECT * FROM `wb_setting` WHERE  `skey` = 'shop_name' LIMIT 1 [ RunTime:0.000299s ]
[ sql ] [ SQL ] SHOW COLUMNS FROM `wb_user_log` [ RunTime:0.001399s ]
[ sql ] [ SQL ] SELECT COUNT(*) AS tp_count FROM `wb_user_log` WHERE  `state` = 1  AND `type` = 2 LIMIT 1 [ RunTime:0.000191s ]
[ sql ] [ SQL ] SELECT * FROM `wb_user_log` WHERE  `state` = 1  AND `type` = 2 ORDER BY `ctime` DESC LIMIT 0,10 [ RunTime:0.000171s ]
[ sql ] [ SQL ] SHOW COLUMNS FROM `wb_manage` [ RunTime:0.001189s ]
[ sql ] [ SQL ] SELECT `id`,`username`,`nickname`,`mobile` FROM `wb_manage` WHERE  `id` = 13 LIMIT 1 [ RunTime:0.000155s ]
[ sql ] [ SQL ] SELECT `id`,`username`,`nickname`,`mobile` FROM `wb_manage` WHERE  `id` = 13 LIMIT 1 [ RunTime:0.000116s ]
[ sql ] [ SQL ] SELECT `id`,`username`,`nickname`,`mobile` FROM `wb_manage` WHERE  `id` = 13 LIMIT 1 [ RunTime:0.000168s ]
[ sql ] [ SQL ] SELECT `id`,`username`,`nickname`,`mobile` FROM `wb_manage` WHERE  `id` = 13 LIMIT 1 [ RunTime:0.000119s ]
[ sql ] [ SQL ] SELECT `id`,`username`,`nickname`,`mobile` FROM `wb_manage` WHERE  `id` = 13 LIMIT 1 [ RunTime:0.000181s ]
[ sql ] [ SQL ] SELECT `id`,`username`,`nickname`,`mobile` FROM `wb_manage` WHERE  `id` = 13 LIMIT 1 [ RunTime:0.000120s ]
[ sql ] [ SQL ] SELECT `id`,`username`,`nickname`,`mobile` FROM `wb_manage` WHERE  `id` = 13 LIMIT 1 [ RunTime:0.000101s ]
[ sql ] [ SQL ] SELECT `id`,`username`,`nickname`,`mobile` FROM `wb_manage` WHERE  `id` = 13 LIMIT 1 [ RunTime:0.000103s ]
[ sql ] [ SQL ] SELECT `id`,`username`,`nickname`,`mobile` FROM `wb_manage` WHERE  `id` = 13 LIMIT 1 [ RunTime:0.000097s ]
---------------------------------------------------------------
[2026-04-29T15:45:18+08:00] 127.0.0.1 GET localhost/manage/operation_log/getlastlog.html
[运行时间：0.035244s] [吞吐率：28.37req/s] [内存消耗：4,523.48kb] [文件加载：110]
[ info ] [ LANG ] E:\wwwroot\2025\git\baseShop\thinkphp\lang\zh-cn.php
[ info ] [ ROUTE ] array (
)
[ info ] [ HEADER ] array (
  'cookie' => '_aihecong_chat_visibility=false; PHPSESSID=086647hrtinfffrn3hkk3h5te1',
  'accept-language' => 'zh-CN,zh;q=0.9',
  'accept-encoding' => 'gzip, deflate, br, zstd',
  'referer' => 'http://localhost/manage/index/welcome.html',
  'sec-fetch-dest' => 'empty',
  'sec-fetch-mode' => 'cors',
  'sec-fetch-site' => 'same-origin',
  'sec-ch-ua-mobile' => '?0',
  'sec-ch-ua' => '"Google Chrome";v="147", "Not.A/Brand";v="8", "Chromium";v="147"',
  'accept' => 'application/json, text/javascript, */*; q=0.01',
  'user-agent' => 'Mozilla/5.0 (Windows NT 10.0; Win64; x64) AppleWebKit/537.36 (KHTML, like Gecko) Chrome/147.0.0.0 Safari/537.36',
  'x-requested-with' => 'XMLHttpRequest',
  'sec-ch-ua-platform' => '"Windows"',
  'connection' => 'keep-alive',
  'host' => 'localhost',
  'content-length' => '',
  'content-type' => '',
)
[ info ] [ PARAM ] array (
)
[ info ] [ DB ] INIT mysql
[ sql ] [ DB ] CONNECT:[ UseTime:0.000828s ] mysql:host=127.0.0.1;port=3306;dbname=baseshop;charset=utf8mb4
[ sql ] [ SQL ] SHOW COLUMNS FROM `wb_setting` [ RunTime:0.000455s ]
[ sql ] [ SQL ] SELECT * FROM `wb_setting` WHERE  `skey` = 'shop_name' LIMIT 1 [ RunTime:0.000172s ]
[ sql ] [ SQL ] SHOW COLUMNS FROM `wb_operation_log` [ RunTime:0.001226s ]
[ sql ] [ SQL ] SELECT COUNT(*) AS tp_count FROM `wb_operation_log` LIMIT 1 [ RunTime:0.000152s ]
[ sql ] [ SQL ] SELECT * FROM `wb_operation_log` ORDER BY `id` DESC LIMIT 0,10 [ RunTime:0.000147s ]
[ sql ] [ SQL ] SHOW COLUMNS FROM `wb_manage` [ RunTime:0.000406s ]
[ sql ] [ SQL ] SELECT * FROM `wb_manage` WHERE  `id` = 13 LIMIT 1 [ RunTime:0.000146s ]
[ sql ] [ SQL ] SELECT * FROM `wb_manage` WHERE  `id` = 13 LIMIT 1 [ RunTime:0.000113s ]
[ sql ] [ SQL ] SELECT * FROM `wb_manage` WHERE  `id` = 13 LIMIT 1 [ RunTime:0.000105s ]
[ sql ] [ SQL ] SELECT * FROM `wb_manage` WHERE  `id` = 13 LIMIT 1 [ RunTime:0.000099s ]
[ sql ] [ SQL ] SELECT * FROM `wb_manage` WHERE  `id` = 13 LIMIT 1 [ RunTime:0.000099s ]
[ sql ] [ SQL ] SELECT * FROM `wb_manage` WHERE  `id` = 13 LIMIT 1 [ RunTime:0.000100s ]
[ sql ] [ SQL ] SELECT * FROM `wb_manage` WHERE  `id` = 13 LIMIT 1 [ RunTime:0.000099s ]
[ sql ] [ SQL ] SELECT * FROM `wb_manage` WHERE  `id` = 13 LIMIT 1 [ RunTime:0.000097s ]
[ sql ] [ SQL ] SELECT * FROM `wb_manage` WHERE  `id` = 13 LIMIT 1 [ RunTime:0.000099s ]
[ sql ] [ SQL ] SELECT * FROM `wb_manage` WHERE  `id` = 13 LIMIT 1 [ RunTime:0.000097s ]
---------------------------------------------------------------
[2026-04-29T15:45:18+08:00] 127.0.0.1 GET localhost/manage/user/statistics.html
[运行时间：0.052736s] [吞吐率：18.96req/s] [内存消耗：5,000.05kb] [文件加载：111]
[ info ] [ LANG ] E:\wwwroot\2025\git\baseShop\thinkphp\lang\zh-cn.php
[ info ] [ ROUTE ] array (
)
[ info ] [ HEADER ] array (
  'cookie' => '_aihecong_chat_visibility=false; PHPSESSID=086647hrtinfffrn3hkk3h5te1',
  'accept-language' => 'zh-CN,zh;q=0.9',
  'accept-encoding' => 'gzip, deflate, br, zstd',
  'referer' => 'http://localhost/manage/index/welcome.html',
  'sec-fetch-dest' => 'empty',
  'sec-fetch-mode' => 'cors',
  'sec-fetch-site' => 'same-origin',
  'sec-ch-ua-mobile' => '?0',
  'sec-ch-ua' => '"Google Chrome";v="147", "Not.A/Brand";v="8", "Chromium";v="147"',
  'accept' => '*/*',
  'user-agent' => 'Mozilla/5.0 (Windows NT 10.0; Win64; x64) AppleWebKit/537.36 (KHTML, like Gecko) Chrome/147.0.0.0 Safari/537.36',
  'x-requested-with' => 'XMLHttpRequest',
  'sec-ch-ua-platform' => '"Windows"',
  'connection' => 'keep-alive',
  'host' => 'localhost',
  'content-length' => '',
  'content-type' => '',
)
[ info ] [ PARAM ] array (
)
[ info ] [ DB ] INIT mysql
[ sql ] [ DB ] CONNECT:[ UseTime:0.000937s ] mysql:host=127.0.0.1;port=3306;dbname=baseshop;charset=utf8mb4
[ sql ] [ SQL ] SHOW COLUMNS FROM `wb_setting` [ RunTime:0.001455s ]
[ sql ] [ SQL ] SELECT * FROM `wb_setting` WHERE  `skey` = 'shop_name' LIMIT 1 [ RunTime:0.000230s ]
[ sql ] [ SQL ] SHOW COLUMNS FROM `wb_user` [ RunTime:0.001215s ]
[ sql ] [ SQL ] SELECT DATE_FORMAT(from_unixtime(ctime),"%Y-%m-%d") as day, count(*) as nums FROM `wb_user` WHERE (  `ctime` > 1776843918  AND ( TIMESTAMPDIFF(DAY,from_unixtime(ctime),now()) <7 ) ) AND `wb_user`.`isdel` IS NULL GROUP BY DATE_FORMAT(from_unixtime(ctime),"%Y-%m-%d") [ RunTime:0.000238s ]
[ sql ] [ SQL ] SHOW COLUMNS FROM `wb_order` [ RunTime:0.001716s ]
[ sql ] [ SQL ] SELECT COUNT(*) AS tp_count FROM ( SELECT count(*) AS think_count FROM `wb_order` WHERE (  `ctime` < 1777448718  AND `ctime` >= 1777392000 ) AND `wb_order`.`isdel` IS NULL GROUP BY `user_id` ) `_group_count_` LIMIT 1 [ RunTime:0.000263s ]
[ sql ] [ SQL ] SELECT COUNT(*) AS tp_count FROM ( SELECT count(*) AS think_count FROM `wb_order` WHERE (  `ctime` < 1777391999  AND `ctime` >= 1777305600 ) AND `wb_order`.`isdel` IS NULL GROUP BY `user_id` ) `_group_count_` LIMIT 1 [ RunTime:0.000163s ]
[ sql ] [ SQL ] SELECT COUNT(*) AS tp_count FROM ( SELECT count(*) AS think_count FROM `wb_order` WHERE (  `ctime` < 1777305599  AND `ctime` >= 1777219200 ) AND `wb_order`.`isdel` IS NULL GROUP BY `user_id` ) `_group_count_` LIMIT 1 [ RunTime:0.000135s ]
[ sql ] [ SQL ] SELECT COUNT(*) AS tp_count FROM ( SELECT count(*) AS think_count FROM `wb_order` WHERE (  `ctime` < 1777219199  AND `ctime` >= 1777132800 ) AND `wb_order`.`isdel` IS NULL GROUP BY `user_id` ) `_group_count_` LIMIT 1 [ RunTime:0.000131s ]
[ sql ] [ SQL ] SELECT COUNT(*) AS tp_count FROM ( SELECT count(*) AS think_count FROM `wb_order` WHERE (  `ctime` < 1777132799  AND `ctime` >= 1777046400 ) AND `wb_order`.`isdel` IS NULL GROUP BY `user_id` ) `_group_count_` LIMIT 1 [ RunTime:0.000123s ]
[ sql ] [ SQL ] SELECT COUNT(*) AS tp_count FROM ( SELECT count(*) AS think_count FROM `wb_order` WHERE (  `ctime` < 1777046399  AND `ctime` >= 1776960000 ) AND `wb_order`.`isdel` IS NULL GROUP BY `user_id` ) `_group_count_` LIMIT 1 [ RunTime:0.000127s ]
[ sql ] [ SQL ] SELECT COUNT(*) AS tp_count FROM ( SELECT count(*) AS think_count FROM `wb_order` WHERE (  `ctime` < 1776959999  AND `ctime` >= 1776873600 ) AND `wb_order`.`isdel` IS NULL GROUP BY `user_id` ) `_group_count_` LIMIT 1 [ RunTime:0.000122s ]
---------------------------------------------------------------
[2026-04-29T15:45:18+08:00] 127.0.0.1 GET localhost/manage/order/statistics.html
[运行时间：0.037860s] [吞吐率：26.41req/s] [内存消耗：4,691.42kb] [文件加载：110]
[ info ] [ LANG ] E:\wwwroot\2025\git\baseShop\thinkphp\lang\zh-cn.php
[ info ] [ ROUTE ] array (
)
[ info ] [ HEADER ] array (
  'cookie' => '_aihecong_chat_visibility=false; PHPSESSID=086647hrtinfffrn3hkk3h5te1',
  'accept-language' => 'zh-CN,zh;q=0.9',
  'accept-encoding' => 'gzip, deflate, br, zstd',
  'referer' => 'http://localhost/manage/index/welcome.html',
  'sec-fetch-dest' => 'empty',
  'sec-fetch-mode' => 'cors',
  'sec-fetch-site' => 'same-origin',
  'sec-ch-ua-mobile' => '?0',
  'sec-ch-ua' => '"Google Chrome";v="147", "Not.A/Brand";v="8", "Chromium";v="147"',
  'accept' => '*/*',
  'user-agent' => 'Mozilla/5.0 (Windows NT 10.0; Win64; x64) AppleWebKit/537.36 (KHTML, like Gecko) Chrome/147.0.0.0 Safari/537.36',
  'x-requested-with' => 'XMLHttpRequest',
  'sec-ch-ua-platform' => '"Windows"',
  'connection' => 'keep-alive',
  'host' => 'localhost',
  'content-length' => '',
  'content-type' => '',
)
[ info ] [ PARAM ] array (
)
[ info ] [ DB ] INIT mysql
[ sql ] [ DB ] CONNECT:[ UseTime:0.001483s ] mysql:host=127.0.0.1;port=3306;dbname=baseshop;charset=utf8mb4
[ sql ] [ SQL ] SHOW COLUMNS FROM `wb_setting` [ RunTime:0.002008s ]
[ sql ] [ SQL ] SELECT * FROM `wb_setting` WHERE  `skey` = 'shop_name' LIMIT 1 [ RunTime:0.000218s ]
[ sql ] [ SQL ] SHOW COLUMNS FROM `wb_bill_payments` [ RunTime:0.001301s ]
[ sql ] [ SQL ] SELECT count(1) AS `nums`,DATE_FORMAT(FROM_UNIXTIME(ctime),"%Y-%m-%d") AS `day` FROM `wb_bill_payments` WHERE  `status` = 2  AND `type` = 1  AND ( FROM_UNIXTIME(ctime) >= 2026-04-22 ) GROUP BY DATE_FORMAT(FROM_UNIXTIME(ctime),"%Y-%m-%d") [ RunTime:0.000253s ]
[ sql ] [ SQL ] SHOW COLUMNS FROM `wb_bill_delivery` [ RunTime:0.001167s ]
[ sql ] [ SQL ] SELECT count(1) AS `nums`,DATE_FORMAT(FROM_UNIXTIME(ctime),"%Y-%m-%d") AS `day` FROM `wb_bill_delivery` WHERE  ( FROM_UNIXTIME(ctime) >= 2026-04-22 ) GROUP BY DATE_FORMAT(FROM_UNIXTIME(ctime),"%Y-%m-%d") [ RunTime:0.000179s ]
---------------------------------------------------------------
[2026-04-29T15:45:20+08:00] 127.0.0.1 GET localhost/manage/setting/index.html
[运行时间：0.042211s] [吞吐率：23.69req/s] [内存消耗：4,674.70kb] [文件加载：110]
[ info ] [ LANG ] E:\wwwroot\2025\git\baseShop\thinkphp\lang\zh-cn.php
[ info ] [ ROUTE ] array (
)
[ info ] [ HEADER ] array (
  'cookie' => '_aihecong_chat_visibility=false; PHPSESSID=086647hrtinfffrn3hkk3h5te1',
  'accept-language' => 'zh-CN,zh;q=0.9',
  'accept-encoding' => 'gzip, deflate, br, zstd',
  'referer' => 'http://localhost/manage',
  'sec-fetch-dest' => 'iframe',
  'sec-fetch-user' => '?1',
  'sec-fetch-mode' => 'navigate',
  'sec-fetch-site' => 'same-origin',
  'accept' => 'text/html,application/xhtml+xml,application/xml;q=0.9,image/avif,image/webp,image/apng,*/*;q=0.8,application/signed-exchange;v=b3;q=0.7',
  'user-agent' => 'Mozilla/5.0 (Windows NT 10.0; Win64; x64) AppleWebKit/537.36 (KHTML, like Gecko) Chrome/147.0.0.0 Safari/537.36',
  'upgrade-insecure-requests' => '1',
  'sec-ch-ua-platform' => '"Windows"',
  'sec-ch-ua-mobile' => '?0',
  'sec-ch-ua' => '"Google Chrome";v="147", "Not.A/Brand";v="8", "Chromium";v="147"',
  'connection' => 'keep-alive',
  'host' => 'localhost',
  'content-length' => '',
  'content-type' => '',
)
[ info ] [ PARAM ] array (
)
[ info ] [ DB ] INIT mysql
[ info ] [ VIEW ] E:\wwwroot\2025\git\baseShop\application\manage\view\setting\index.html [ array (
  0 => 'params',
  1 => 'jshopHost',
  2 => 'shop_name',
  3 => 'data',
) ]
[ sql ] [ DB ] CONNECT:[ UseTime:0.000852s ] mysql:host=127.0.0.1;port=3306;dbname=baseshop;charset=utf8mb4
[ sql ] [ SQL ] SHOW COLUMNS FROM `wb_setting` [ RunTime:0.001725s ]
[ sql ] [ SQL ] SELECT * FROM `wb_setting` WHERE  `skey` = 'shop_name' LIMIT 1 [ RunTime:0.000243s ]
[ sql ] [ SQL ] SELECT * FROM `wb_setting` [ RunTime:0.000201s ]
[ sql ] [ SQL ] SELECT * FROM `wb_setting` WHERE  `skey` = 'shop_default_image' LIMIT 1 [ RunTime:0.000313s ]
---------------------------------------------------------------
[2026-04-29T15:45:20+08:00] 127.0.0.1 GET localhost/manage/images/manage.html?action=config&&noCache=1777448720079
[运行时间：0.044251s] [吞吐率：22.60req/s] [内存消耗：4,337.58kb] [文件加载：104]
[ info ] [ LANG ] E:\wwwroot\2025\git\baseShop\thinkphp\lang\zh-cn.php
[ info ] [ ROUTE ] array (
)
[ info ] [ HEADER ] array (
  'cookie' => '_aihecong_chat_visibility=false; PHPSESSID=086647hrtinfffrn3hkk3h5te1',
  'accept-language' => 'zh-CN,zh;q=0.9',
  'accept-encoding' => 'gzip, deflate, br, zstd',
  'referer' => 'http://localhost/manage/setting/index.html',
  'sec-fetch-dest' => 'empty',
  'sec-fetch-mode' => 'cors',
  'sec-fetch-site' => 'same-origin',
  'accept' => '*/*',
  'sec-ch-ua-mobile' => '?0',
  'sec-ch-ua' => '"Google Chrome";v="147", "Not.A/Brand";v="8", "Chromium";v="147"',
  'user-agent' => 'Mozilla/5.0 (Windows NT 10.0; Win64; x64) AppleWebKit/537.36 (KHTML, like Gecko) Chrome/147.0.0.0 Safari/537.36',
  'sec-ch-ua-platform' => '"Windows"',
  'connection' => 'keep-alive',
  'host' => 'localhost',
  'content-length' => '',
  'content-type' => '',
)
[ info ] [ PARAM ] array (
  'action' => 'config',
  'noCache' => '1777448720079',
)
[ info ] [ DB ] INIT mysql
[ sql ] [ DB ] CONNECT:[ UseTime:0.001321s ] mysql:host=127.0.0.1;port=3306;dbname=baseshop;charset=utf8mb4
[ sql ] [ SQL ] SHOW COLUMNS FROM `wb_setting` [ RunTime:0.002006s ]
[ sql ] [ SQL ] SELECT * FROM `wb_setting` WHERE  `skey` = 'shop_name' LIMIT 1 [ RunTime:0.000468s ]
---------------------------------------------------------------
[2026-04-29T15:45:20+08:00] 127.0.0.1 GET localhost/manage/images/manage.html?action=config&&noCache=1777448720080
[运行时间：0.057813s] [吞吐率：17.30req/s] [内存消耗：4,337.58kb] [文件加载：104]
[ info ] [ LANG ] E:\wwwroot\2025\git\baseShop\thinkphp\lang\zh-cn.php
[ info ] [ ROUTE ] array (
)
[ info ] [ HEADER ] array (
  'cookie' => '_aihecong_chat_visibility=false; PHPSESSID=086647hrtinfffrn3hkk3h5te1',
  'accept-language' => 'zh-CN,zh;q=0.9',
  'accept-encoding' => 'gzip, deflate, br, zstd',
  'referer' => 'http://localhost/manage/setting/index.html',
  'sec-fetch-dest' => 'empty',
  'sec-fetch-mode' => 'cors',
  'sec-fetch-site' => 'same-origin',
  'accept' => '*/*',
  'sec-ch-ua-mobile' => '?0',
  'sec-ch-ua' => '"Google Chrome";v="147", "Not.A/Brand";v="8", "Chromium";v="147"',
  'user-agent' => 'Mozilla/5.0 (Windows NT 10.0; Win64; x64) AppleWebKit/537.36 (KHTML, like Gecko) Chrome/147.0.0.0 Safari/537.36',
  'sec-ch-ua-platform' => '"Windows"',
  'connection' => 'keep-alive',
  'host' => 'localhost',
  'content-length' => '',
  'content-type' => '',
)
[ info ] [ PARAM ] array (
  'action' => 'config',
  'noCache' => '1777448720080',
)
[ info ] [ DB ] INIT mysql
[ sql ] [ DB ] CONNECT:[ UseTime:0.001238s ] mysql:host=127.0.0.1;port=3306;dbname=baseshop;charset=utf8mb4
[ sql ] [ SQL ] SHOW COLUMNS FROM `wb_setting` [ RunTime:0.000804s ]
[ sql ] [ SQL ] SELECT * FROM `wb_setting` WHERE  `skey` = 'shop_name' LIMIT 1 [ RunTime:0.000475s ]
---------------------------------------------------------------
[2026-04-29T15:45:20+08:00] 127.0.0.1 GET localhost/manage/images/manage.html?action=config&&noCache=1777448720101
[运行时间：0.037576s] [吞吐率：26.61req/s] [内存消耗：4,337.58kb] [文件加载：104]
[ info ] [ LANG ] E:\wwwroot\2025\git\baseShop\thinkphp\lang\zh-cn.php
[ info ] [ ROUTE ] array (
)
[ info ] [ HEADER ] array (
  'cookie' => '_aihecong_chat_visibility=false; PHPSESSID=086647hrtinfffrn3hkk3h5te1',
  'accept-language' => 'zh-CN,zh;q=0.9',
  'accept-encoding' => 'gzip, deflate, br, zstd',
  'referer' => 'http://localhost/manage/setting/index.html',
  'sec-fetch-dest' => 'empty',
  'sec-fetch-mode' => 'cors',
  'sec-fetch-site' => 'same-origin',
  'accept' => '*/*',
  'sec-ch-ua-mobile' => '?0',
  'sec-ch-ua' => '"Google Chrome";v="147", "Not.A/Brand";v="8", "Chromium";v="147"',
  'user-agent' => 'Mozilla/5.0 (Windows NT 10.0; Win64; x64) AppleWebKit/537.36 (KHTML, like Gecko) Chrome/147.0.0.0 Safari/537.36',
  'sec-ch-ua-platform' => '"Windows"',
  'connection' => 'keep-alive',
  'host' => 'localhost',
  'content-length' => '',
  'content-type' => '',
)
[ info ] [ PARAM ] array (
  'action' => 'config',
  'noCache' => '1777448720101',
)
[ info ] [ DB ] INIT mysql
[ sql ] [ DB ] CONNECT:[ UseTime:0.000925s ] mysql:host=127.0.0.1;port=3306;dbname=baseshop;charset=utf8mb4
[ sql ] [ SQL ] SHOW COLUMNS FROM `wb_setting` [ RunTime:0.000563s ]
[ sql ] [ SQL ] SELECT * FROM `wb_setting` WHERE  `skey` = 'shop_name' LIMIT 1 [ RunTime:0.000300s ]
---------------------------------------------------------------
[2026-04-29T15:45:22+08:00] 127.0.0.1 GET localhost/manage/user/index.html
[运行时间：0.033280s] [吞吐率：30.05req/s] [内存消耗：4,584.45kb] [文件加载：110]
[ info ] [ LANG ] E:\wwwroot\2025\git\baseShop\thinkphp\lang\zh-cn.php
[ info ] [ ROUTE ] array (
)
[ info ] [ HEADER ] array (
  'cookie' => '_aihecong_chat_visibility=false; PHPSESSID=086647hrtinfffrn3hkk3h5te1',
  'accept-language' => 'zh-CN,zh;q=0.9',
  'accept-encoding' => 'gzip, deflate, br, zstd',
  'referer' => 'http://localhost/manage',
  'sec-fetch-dest' => 'iframe',
  'sec-fetch-user' => '?1',
  'sec-fetch-mode' => 'navigate',
  'sec-fetch-site' => 'same-origin',
  'accept' => 'text/html,application/xhtml+xml,application/xml;q=0.9,image/avif,image/webp,image/apng,*/*;q=0.8,application/signed-exchange;v=b3;q=0.7',
  'user-agent' => 'Mozilla/5.0 (Windows NT 10.0; Win64; x64) AppleWebKit/537.36 (KHTML, like Gecko) Chrome/147.0.0.0 Safari/537.36',
  'upgrade-insecure-requests' => '1',
  'sec-ch-ua-platform' => '"Windows"',
  'sec-ch-ua-mobile' => '?0',
  'sec-ch-ua' => '"Google Chrome";v="147", "Not.A/Brand";v="8", "Chromium";v="147"',
  'connection' => 'keep-alive',
  'host' => 'localhost',
  'content-length' => '',
  'content-type' => '',
)
[ info ] [ PARAM ] array (
)
[ info ] [ DB ] INIT mysql
[ info ] [ VIEW ] E:\wwwroot\2025\git\baseShop\application\manage\view\user\index.html [ array (
  0 => 'params',
  1 => 'jshopHost',
  2 => 'shop_name',
  3 => 'grade',
) ]
[ sql ] [ DB ] CONNECT:[ UseTime:0.000981s ] mysql:host=127.0.0.1;port=3306;dbname=baseshop;charset=utf8mb4
[ sql ] [ SQL ] SHOW COLUMNS FROM `wb_setting` [ RunTime:0.000574s ]
[ sql ] [ SQL ] SELECT * FROM `wb_setting` WHERE  `skey` = 'shop_name' LIMIT 1 [ RunTime:0.000258s ]
[ sql ] [ SQL ] SHOW COLUMNS FROM `wb_user_grade` [ RunTime:0.001238s ]
[ sql ] [ SQL ] SELECT * FROM `wb_user_grade` [ RunTime:0.000160s ]
---------------------------------------------------------------
[2026-04-29T15:45:22+08:00] 127.0.0.1 GET localhost/manage/user/index.html
[运行时间：0.052950s] [吞吐率：18.89req/s] [内存消耗：4,584.45kb] [文件加载：110]
[ info ] [ LANG ] E:\wwwroot\2025\git\baseShop\thinkphp\lang\zh-cn.php
[ info ] [ ROUTE ] array (
)
[ info ] [ HEADER ] array (
  'cookie' => '_aihecong_chat_visibility=false; PHPSESSID=086647hrtinfffrn3hkk3h5te1',
  'accept-language' => 'zh-CN,zh;q=0.9',
  'accept-encoding' => 'gzip, deflate, br, zstd',
  'referer' => 'http://localhost/manage',
  'sec-fetch-dest' => 'iframe',
  'sec-fetch-user' => '?1',
  'sec-fetch-mode' => 'navigate',
  'sec-fetch-site' => 'same-origin',
  'accept' => 'text/html,application/xhtml+xml,application/xml;q=0.9,image/avif,image/webp,image/apng,*/*;q=0.8,application/signed-exchange;v=b3;q=0.7',
  'user-agent' => 'Mozilla/5.0 (Windows NT 10.0; Win64; x64) AppleWebKit/537.36 (KHTML, like Gecko) Chrome/147.0.0.0 Safari/537.36',
  'upgrade-insecure-requests' => '1',
  'sec-ch-ua-platform' => '"Windows"',
  'sec-ch-ua-mobile' => '?0',
  'sec-ch-ua' => '"Google Chrome";v="147", "Not.A/Brand";v="8", "Chromium";v="147"',
  'connection' => 'keep-alive',
  'host' => 'localhost',
  'content-length' => '',
  'content-type' => '',
)
[ info ] [ PARAM ] array (
)
[ info ] [ DB ] INIT mysql
[ info ] [ VIEW ] E:\wwwroot\2025\git\baseShop\application\manage\view\user\index.html [ array (
  0 => 'params',
  1 => 'jshopHost',
  2 => 'shop_name',
  3 => 'grade',
) ]
[ sql ] [ DB ] CONNECT:[ UseTime:0.001035s ] mysql:host=127.0.0.1;port=3306;dbname=baseshop;charset=utf8mb4
[ sql ] [ SQL ] SHOW COLUMNS FROM `wb_setting` [ RunTime:0.000584s ]
[ sql ] [ SQL ] SELECT * FROM `wb_setting` WHERE  `skey` = 'shop_name' LIMIT 1 [ RunTime:0.000264s ]
[ sql ] [ SQL ] SHOW COLUMNS FROM `wb_user_grade` [ RunTime:0.001699s ]
[ sql ] [ SQL ] SELECT * FROM `wb_user_grade` [ RunTime:0.000267s ]
---------------------------------------------------------------
[2026-04-29T15:45:23+08:00] 127.0.0.1 GET localhost/manage/user/index.html?_ajax=1&page=1&limit=20
[运行时间：0.044595s] [吞吐率：22.42req/s] [内存消耗：4,962.94kb] [文件加载：118]
[ info ] [ LANG ] E:\wwwroot\2025\git\baseShop\thinkphp\lang\zh-cn.php
[ info ] [ ROUTE ] array (
)
[ info ] [ HEADER ] array (
  'cookie' => '_aihecong_chat_visibility=false; PHPSESSID=086647hrtinfffrn3hkk3h5te1',
  'accept-language' => 'zh-CN,zh;q=0.9',
  'accept-encoding' => 'gzip, deflate, br, zstd',
  'referer' => 'http://localhost/manage/user/index.html',
  'sec-fetch-dest' => 'empty',
  'sec-fetch-mode' => 'cors',
  'sec-fetch-site' => 'same-origin',
  'sec-ch-ua-mobile' => '?0',
  'sec-ch-ua' => '"Google Chrome";v="147", "Not.A/Brand";v="8", "Chromium";v="147"',
  'accept' => 'application/json, text/javascript, */*; q=0.01',
  'user-agent' => 'Mozilla/5.0 (Windows NT 10.0; Win64; x64) AppleWebKit/537.36 (KHTML, like Gecko) Chrome/147.0.0.0 Safari/537.36',
  'x-requested-with' => 'XMLHttpRequest',
  'sec-ch-ua-platform' => '"Windows"',
  'connection' => 'keep-alive',
  'host' => 'localhost',
  'content-length' => '',
  'content-type' => '',
)
[ info ] [ PARAM ] array (
  '_ajax' => '1',
  'page' => '1',
  'limit' => '20',
)
[ info ] [ DB ] INIT mysql
[ sql ] [ DB ] CONNECT:[ UseTime:0.000821s ] mysql:host=127.0.0.1;port=3306;dbname=baseshop;charset=utf8mb4
[ sql ] [ SQL ] SHOW COLUMNS FROM `wb_setting` [ RunTime:0.000540s ]
[ sql ] [ SQL ] SELECT * FROM `wb_setting` WHERE  `skey` = 'shop_name' LIMIT 1 [ RunTime:0.000235s ]
[ sql ] [ SQL ] SHOW COLUMNS FROM `wb_user` [ RunTime:0.001196s ]
[ sql ] [ SQL ] SELECT COUNT(*) AS tp_count FROM `wb_user` WHERE `wb_user`.`isdel` IS NULL LIMIT 1 [ RunTime:0.000156s ]
[ sql ] [ SQL ] SELECT * FROM `wb_user` WHERE `wb_user`.`isdel` IS NULL ORDER BY `id` DESC LIMIT 0,20 [ RunTime:0.000148s ]
[ sql ] [ SQL ] SHOW COLUMNS FROM `wb_user_grade` [ RunTime:0.001050s ]
[ sql ] [ SQL ] SELECT * FROM `wb_user_grade` WHERE  `id` IN (1) [ RunTime:0.000150s ]
[ sql ] [ SQL ] SHOW COLUMNS FROM `wb_user_wx` [ RunTime:0.002187s ]
[ sql ] [ SQL ] SELECT * FROM `wb_user_wx` WHERE  `user_id` IN (1) [ RunTime:0.000403s ]
[ sql ] [ SQL ] SHOW COLUMNS FROM `wb_area` [ RunTime:0.001257s ]
[ sql ] [ SQL ] SELECT `id`,`name`,`parent_id`,`postal_code` FROM `wb_area` WHERE  `id` = 340203 LIMIT 1 [ RunTime:0.000207s ]
[ sql ] [ SQL ] SELECT `id`,`name`,`parent_id`,`postal_code` FROM `wb_area` WHERE  `parent_id` = 340200 [ RunTime:0.000681s ]
[ sql ] [ SQL ] SELECT `id`,`name`,`parent_id`,`postal_code` FROM `wb_area` WHERE  `id` = 340200 LIMIT 1 [ RunTime:0.000114s ]
[ sql ] [ SQL ] SELECT `id`,`name`,`parent_id`,`postal_code` FROM `wb_area` WHERE  `parent_id` = 340000 [ RunTime:0.000655s ]
[ sql ] [ SQL ] SELECT `id`,`name`,`parent_id`,`postal_code` FROM `wb_area` WHERE  `id` = 340000 LIMIT 1 [ RunTime:0.000105s ]
[ sql ] [ SQL ] SELECT `id`,`name`,`parent_id`,`postal_code` FROM `wb_area` WHERE  `parent_id` = 0 [ RunTime:0.000675s ]
---------------------------------------------------------------
[2026-04-29T15:47:18+08:00] 127.0.0.1 GET localhost/manage
[运行时间：0.032317s] [吞吐率：30.94req/s] [内存消耗：4,596.03kb] [文件加载：110]
[ info ] [ LANG ] E:\wwwroot\2025\git\baseShop\thinkphp\lang\zh-cn.php
[ info ] [ ROUTE ] array (
)
[ info ] [ HEADER ] array (
  'cookie' => '_aihecong_chat_visibility=false; PHPSESSID=086647hrtinfffrn3hkk3h5te1',
  'accept-language' => 'zh-CN,zh;q=0.9',
  'accept-encoding' => 'gzip, deflate, br, zstd',
  'referer' => 'http://localhost/manage/common/login.html',
  'sec-fetch-dest' => 'document',
  'sec-fetch-user' => '?1',
  'sec-fetch-mode' => 'navigate',
  'sec-fetch-site' => 'same-origin',
  'accept' => 'text/html,application/xhtml+xml,application/xml;q=0.9,image/avif,image/webp,image/apng,*/*;q=0.8,application/signed-exchange;v=b3;q=0.7',
  'user-agent' => 'Mozilla/5.0 (Windows NT 10.0; Win64; x64) AppleWebKit/537.36 (KHTML, like Gecko) Chrome/147.0.0.0 Safari/537.36',
  'upgrade-insecure-requests' => '1',
  'sec-ch-ua-platform' => '"Windows"',
  'sec-ch-ua-mobile' => '?0',
  'sec-ch-ua' => '"Google Chrome";v="147", "Not.A/Brand";v="8", "Chromium";v="147"',
  'cache-control' => 'max-age=0',
  'connection' => 'keep-alive',
  'host' => 'localhost',
  'content-length' => '',
  'content-type' => '',
)
[ info ] [ PARAM ] array (
)
[ info ] [ DB ] INIT mysql
[ info ] [ VIEW ] E:\wwwroot\2025\git\baseShop\application\manage\view\index\index.html [ array (
  0 => 'params',
  1 => 'jshopHost',
  2 => 'shop_name',
  3 => 'menu',
  4 => 'kefu',
) ]
[ sql ] [ DB ] CONNECT:[ UseTime:0.000984s ] mysql:host=127.0.0.1;port=3306;dbname=baseshop;charset=utf8mb4
[ sql ] [ SQL ] SHOW COLUMNS FROM `wb_setting` [ RunTime:0.000975s ]
[ sql ] [ SQL ] SELECT * FROM `wb_setting` WHERE  `skey` = 'shop_name' LIMIT 1 [ RunTime:0.000375s ]
[ sql ] [ SQL ] SELECT * FROM `wb_setting` WHERE  `skey` = 'ent_id' LIMIT 1 [ RunTime:0.000215s ]
[ error ] [8]未定义数组索引: selected[E:\wwwroot\2025\git\baseShop\runtime\temp\e52cc7ca3449303da58cf7e818ce1862.php:118]
[ error ] [8]未定义数组索引: selected[E:\wwwroot\2025\git\baseShop\runtime\temp\e52cc7ca3449303da58cf7e818ce1862.php:118]
[ error ] [8]未定义数组索引: selected[E:\wwwroot\2025\git\baseShop\runtime\temp\e52cc7ca3449303da58cf7e818ce1862.php:118]
[ error ] [8]未定义数组索引: selected[E:\wwwroot\2025\git\baseShop\runtime\temp\e52cc7ca3449303da58cf7e818ce1862.php:118]
[ error ] [8]未定义数组索引: selected[E:\wwwroot\2025\git\baseShop\runtime\temp\e52cc7ca3449303da58cf7e818ce1862.php:118]
[ error ] [8]未定义数组索引: selected[E:\wwwroot\2025\git\baseShop\runtime\temp\e52cc7ca3449303da58cf7e818ce1862.php:118]
[ error ] [8]未定义数组索引: selected[E:\wwwroot\2025\git\baseShop\runtime\temp\e52cc7ca3449303da58cf7e818ce1862.php:118]
[ error ] [8]未定义数组索引: selected[E:\wwwroot\2025\git\baseShop\runtime\temp\e52cc7ca3449303da58cf7e818ce1862.php:118]
[ error ] [8]未定义数组索引: selected[E:\wwwroot\2025\git\baseShop\runtime\temp\e52cc7ca3449303da58cf7e818ce1862.php:118]
[ error ] [8]未定义数组索引: selected[E:\wwwroot\2025\git\baseShop\runtime\temp\e52cc7ca3449303da58cf7e818ce1862.php:118]
[ error ] [8]未定义数组索引: selected[E:\wwwroot\2025\git\baseShop\runtime\temp\e52cc7ca3449303da58cf7e818ce1862.php:118]
[ error ] [8]未定义数组索引: selected[E:\wwwroot\2025\git\baseShop\runtime\temp\e52cc7ca3449303da58cf7e818ce1862.php:118]
[ error ] [8]未定义数组索引: selected[E:\wwwroot\2025\git\baseShop\runtime\temp\e52cc7ca3449303da58cf7e818ce1862.php:118]
[ error ] [8]未定义数组索引: selected[E:\wwwroot\2025\git\baseShop\runtime\temp\e52cc7ca3449303da58cf7e818ce1862.php:118]
[ error ] [8]未定义数组索引: selected[E:\wwwroot\2025\git\baseShop\runtime\temp\e52cc7ca3449303da58cf7e818ce1862.php:118]
[ error ] [8]未定义数组索引: selected[E:\wwwroot\2025\git\baseShop\runtime\temp\e52cc7ca3449303da58cf7e818ce1862.php:118]
[ error ] [8]未定义数组索引: selected[E:\wwwroot\2025\git\baseShop\runtime\temp\e52cc7ca3449303da58cf7e818ce1862.php:118]
[ error ] [8]未定义数组索引: selected[E:\wwwroot\2025\git\baseShop\runtime\temp\e52cc7ca3449303da58cf7e818ce1862.php:118]
[ error ] [8]未定义数组索引: selected[E:\wwwroot\2025\git\baseShop\runtime\temp\e52cc7ca3449303da58cf7e818ce1862.php:118]
[ error ] [8]未定义数组索引: selected[E:\wwwroot\2025\git\baseShop\runtime\temp\e52cc7ca3449303da58cf7e818ce1862.php:118]
---------------------------------------------------------------
[2026-04-29T15:47:19+08:00] 127.0.0.1 GET localhost/manage/index/welcome.html
[运行时间：0.052638s] [吞吐率：19.00req/s] [内存消耗：5,260.63kb] [文件加载：113]
[ info ] [ LANG ] E:\wwwroot\2025\git\baseShop\thinkphp\lang\zh-cn.php
[ info ] [ ROUTE ] array (
)
[ info ] [ HEADER ] array (
  'cookie' => '_aihecong_chat_visibility=false; PHPSESSID=086647hrtinfffrn3hkk3h5te1',
  'accept-language' => 'zh-CN,zh;q=0.9',
  'accept-encoding' => 'gzip, deflate, br, zstd',
  'referer' => 'http://localhost/manage',
  'sec-fetch-dest' => 'iframe',
  'sec-fetch-mode' => 'navigate',
  'sec-fetch-site' => 'same-origin',
  'accept' => 'text/html,application/xhtml+xml,application/xml;q=0.9,image/avif,image/webp,image/apng,*/*;q=0.8,application/signed-exchange;v=b3;q=0.7',
  'user-agent' => 'Mozilla/5.0 (Windows NT 10.0; Win64; x64) AppleWebKit/537.36 (KHTML, like Gecko) Chrome/147.0.0.0 Safari/537.36',
  'upgrade-insecure-requests' => '1',
  'sec-ch-ua-platform' => '"Windows"',
  'sec-ch-ua-mobile' => '?0',
  'sec-ch-ua' => '"Google Chrome";v="147", "Not.A/Brand";v="8", "Chromium";v="147"',
  'connection' => 'keep-alive',
  'host' => 'localhost',
  'content-length' => '',
  'content-type' => '',
)
[ info ] [ PARAM ] array (
)
[ info ] [ DB ] INIT mysql
[ info ] [ VIEW ] E:\wwwroot\2025\git\baseShop\application\manage\view\index\welcome.html [ array (
  0 => 'params',
  1 => 'jshopHost',
  2 => 'shop_name',
  3 => 'unpaid_count',
  4 => 'unship_count',
  5 => 'after_sales_count',
  6 => 'goods_statics',
) ]
[ sql ] [ DB ] CONNECT:[ UseTime:0.001301s ] mysql:host=127.0.0.1;port=3306;dbname=baseshop;charset=utf8mb4
[ sql ] [ SQL ] SHOW COLUMNS FROM `wb_setting` [ RunTime:0.000813s ]
[ sql ] [ SQL ] SELECT * FROM `wb_setting` WHERE  `skey` = 'shop_name' LIMIT 1 [ RunTime:0.000234s ]
[ sql ] [ SQL ] SHOW COLUMNS FROM `wb_order` [ RunTime:0.001579s ]
[ sql ] [ SQL ] SELECT COUNT(*) AS tp_count FROM `wb_order` WHERE (  `status` = 1  AND `pay_status` = 1  AND `ship_status` = 1 ) AND `wb_order`.`isdel` IS NULL LIMIT 1 [ RunTime:0.000402s ]
[ sql ] [ SQL ] SELECT COUNT(*) AS tp_count FROM `wb_order` WHERE (  `status` = 1  AND `pay_status` = 2  AND `ship_status` IN (1,2) ) AND `wb_order`.`isdel` IS NULL LIMIT 1 [ RunTime:0.000303s ]
[ sql ] [ SQL ] SHOW COLUMNS FROM `wb_bill_aftersales` [ RunTime:0.001428s ]
[ sql ] [ SQL ] SELECT COUNT(*) AS tp_count FROM `wb_bill_aftersales` WHERE  `status` = 1 LIMIT 1 [ RunTime:0.000322s ]
[ sql ] [ SQL ] SELECT * FROM `wb_setting` WHERE  `skey` = 'shop_name' LIMIT 1 [ RunTime:0.000259s ]
[ sql ] [ SQL ] SHOW COLUMNS FROM `wb_goods` [ RunTime:0.001902s ]
[ sql ] [ SQL ] SELECT COUNT(`id`) AS tp_count FROM `wb_goods` LIMIT 1 [ RunTime:0.000222s ]
[ sql ] [ SQL ] SELECT COUNT(`id`) AS tp_count FROM `wb_goods` WHERE  `marketable` = 1 LIMIT 1 [ RunTime:0.000141s ]
[ sql ] [ SQL ] SELECT COUNT(`id`) AS tp_count FROM `wb_goods` WHERE  `marketable` = 2 LIMIT 1 [ RunTime:0.000105s ]
[ sql ] [ SQL ] SELECT * FROM `wb_setting` WHERE  `skey` = 'goods_stocks_warn' LIMIT 1 [ RunTime:0.000123s ]
[ sql ] [ SQL ] SHOW COLUMNS FROM `wb_products` [ RunTime:0.001276s ]
[ sql ] [ SQL ] SELECT COUNT(*) AS tp_count FROM ( SELECT count(id) AS think_count FROM `wb_products` WHERE  ( IF(stock < freeze_stock, 0, stock - freeze_stock)<10 ) GROUP BY `goods_id` ) `_group_count_` LIMIT 1 [ RunTime:0.000227s ]
---------------------------------------------------------------
[2026-04-29T15:47:19+08:00] 127.0.0.1 GET localhost/manage/administrator/userloglist/state/1.html
[运行时间：0.048110s] [吞吐率：20.79req/s] [内存消耗：4,570.42kb] [文件加载：110]
[ info ] [ LANG ] E:\wwwroot\2025\git\baseShop\thinkphp\lang\zh-cn.php
[ info ] [ ROUTE ] array (
)
[ info ] [ HEADER ] array (
  'cookie' => '_aihecong_chat_visibility=false; PHPSESSID=086647hrtinfffrn3hkk3h5te1',
  'accept-language' => 'zh-CN,zh;q=0.9',
  'accept-encoding' => 'gzip, deflate, br, zstd',
  'referer' => 'http://localhost/manage/index/welcome.html',
  'sec-fetch-dest' => 'empty',
  'sec-fetch-mode' => 'cors',
  'sec-fetch-site' => 'same-origin',
  'sec-ch-ua-mobile' => '?0',
  'sec-ch-ua' => '"Google Chrome";v="147", "Not.A/Brand";v="8", "Chromium";v="147"',
  'accept' => '*/*',
  'user-agent' => 'Mozilla/5.0 (Windows NT 10.0; Win64; x64) AppleWebKit/537.36 (KHTML, like Gecko) Chrome/147.0.0.0 Safari/537.36',
  'x-requested-with' => 'XMLHttpRequest',
  'sec-ch-ua-platform' => '"Windows"',
  'connection' => 'keep-alive',
  'host' => 'localhost',
  'content-length' => '',
  'content-type' => '',
)
[ info ] [ PARAM ] array (
  'state' => '1',
)
[ info ] [ DB ] INIT mysql
[ sql ] [ DB ] CONNECT:[ UseTime:0.001134s ] mysql:host=127.0.0.1;port=3306;dbname=baseshop;charset=utf8mb4
[ sql ] [ SQL ] SHOW COLUMNS FROM `wb_setting` [ RunTime:0.000597s ]
[ sql ] [ SQL ] SELECT * FROM `wb_setting` WHERE  `skey` = 'shop_name' LIMIT 1 [ RunTime:0.000196s ]
[ sql ] [ SQL ] SHOW COLUMNS FROM `wb_user_log` [ RunTime:0.001421s ]
[ sql ] [ SQL ] SELECT COUNT(*) AS tp_count FROM `wb_user_log` WHERE  `state` = 1  AND `type` = 2 LIMIT 1 [ RunTime:0.000318s ]
[ sql ] [ SQL ] SELECT * FROM `wb_user_log` WHERE  `state` = 1  AND `type` = 2 ORDER BY `ctime` DESC LIMIT 0,10 [ RunTime:0.000236s ]
[ sql ] [ SQL ] SHOW COLUMNS FROM `wb_manage` [ RunTime:0.001295s ]
[ sql ] [ SQL ] SELECT `id`,`username`,`nickname`,`mobile` FROM `wb_manage` WHERE  `id` = 13 LIMIT 1 [ RunTime:0.000155s ]
[ sql ] [ SQL ] SELECT `id`,`username`,`nickname`,`mobile` FROM `wb_manage` WHERE  `id` = 13 LIMIT 1 [ RunTime:0.000114s ]
[ sql ] [ SQL ] SELECT `id`,`username`,`nickname`,`mobile` FROM `wb_manage` WHERE  `id` = 13 LIMIT 1 [ RunTime:0.000102s ]
[ sql ] [ SQL ] SELECT `id`,`username`,`nickname`,`mobile` FROM `wb_manage` WHERE  `id` = 13 LIMIT 1 [ RunTime:0.000098s ]
[ sql ] [ SQL ] SELECT `id`,`username`,`nickname`,`mobile` FROM `wb_manage` WHERE  `id` = 13 LIMIT 1 [ RunTime:0.000103s ]
[ sql ] [ SQL ] SELECT `id`,`username`,`nickname`,`mobile` FROM `wb_manage` WHERE  `id` = 13 LIMIT 1 [ RunTime:0.000097s ]
[ sql ] [ SQL ] SELECT `id`,`username`,`nickname`,`mobile` FROM `wb_manage` WHERE  `id` = 13 LIMIT 1 [ RunTime:0.000096s ]
[ sql ] [ SQL ] SELECT `id`,`username`,`nickname`,`mobile` FROM `wb_manage` WHERE  `id` = 13 LIMIT 1 [ RunTime:0.000098s ]
[ sql ] [ SQL ] SELECT `id`,`username`,`nickname`,`mobile` FROM `wb_manage` WHERE  `id` = 13 LIMIT 1 [ RunTime:0.000098s ]
---------------------------------------------------------------
[2026-04-29T15:47:19+08:00] 127.0.0.1 GET localhost/manage/operation_log/getlastlog.html
[运行时间：0.076743s] [吞吐率：13.03req/s] [内存消耗：4,523.48kb] [文件加载：110]
[ info ] [ LANG ] E:\wwwroot\2025\git\baseShop\thinkphp\lang\zh-cn.php
[ info ] [ ROUTE ] array (
)
[ info ] [ HEADER ] array (
  'cookie' => '_aihecong_chat_visibility=false; PHPSESSID=086647hrtinfffrn3hkk3h5te1',
  'accept-language' => 'zh-CN,zh;q=0.9',
  'accept-encoding' => 'gzip, deflate, br, zstd',
  'referer' => 'http://localhost/manage/index/welcome.html',
  'sec-fetch-dest' => 'empty',
  'sec-fetch-mode' => 'cors',
  'sec-fetch-site' => 'same-origin',
  'sec-ch-ua-mobile' => '?0',
  'sec-ch-ua' => '"Google Chrome";v="147", "Not.A/Brand";v="8", "Chromium";v="147"',
  'accept' => 'application/json, text/javascript, */*; q=0.01',
  'user-agent' => 'Mozilla/5.0 (Windows NT 10.0; Win64; x64) AppleWebKit/537.36 (KHTML, like Gecko) Chrome/147.0.0.0 Safari/537.36',
  'x-requested-with' => 'XMLHttpRequest',
  'sec-ch-ua-platform' => '"Windows"',
  'connection' => 'keep-alive',
  'host' => 'localhost',
  'content-length' => '',
  'content-type' => '',
)
[ info ] [ PARAM ] array (
)
[ info ] [ DB ] INIT mysql
[ sql ] [ DB ] CONNECT:[ UseTime:0.015430s ] mysql:host=127.0.0.1;port=3306;dbname=baseshop;charset=utf8mb4
[ sql ] [ SQL ] SHOW COLUMNS FROM `wb_setting` [ RunTime:0.000826s ]
[ sql ] [ SQL ] SELECT * FROM `wb_setting` WHERE  `skey` = 'shop_name' LIMIT 1 [ RunTime:0.000225s ]
[ sql ] [ SQL ] SHOW COLUMNS FROM `wb_operation_log` [ RunTime:0.001545s ]
[ sql ] [ SQL ] SELECT COUNT(*) AS tp_count FROM `wb_operation_log` LIMIT 1 [ RunTime:0.000182s ]
[ sql ] [ SQL ] SELECT * FROM `wb_operation_log` ORDER BY `id` DESC LIMIT 0,10 [ RunTime:0.000160s ]
[ sql ] [ SQL ] SHOW COLUMNS FROM `wb_manage` [ RunTime:0.001239s ]
[ sql ] [ SQL ] SELECT * FROM `wb_manage` WHERE  `id` = 13 LIMIT 1 [ RunTime:0.000174s ]
[ sql ] [ SQL ] SELECT * FROM `wb_manage` WHERE  `id` = 13 LIMIT 1 [ RunTime:0.000121s ]
[ sql ] [ SQL ] SELECT * FROM `wb_manage` WHERE  `id` = 13 LIMIT 1 [ RunTime:0.000106s ]
[ sql ] [ SQL ] SELECT * FROM `wb_manage` WHERE  `id` = 13 LIMIT 1 [ RunTime:0.000103s ]
[ sql ] [ SQL ] SELECT * FROM `wb_manage` WHERE  `id` = 13 LIMIT 1 [ RunTime:0.000099s ]
[ sql ] [ SQL ] SELECT * FROM `wb_manage` WHERE  `id` = 13 LIMIT 1 [ RunTime:0.000100s ]
[ sql ] [ SQL ] SELECT * FROM `wb_manage` WHERE  `id` = 13 LIMIT 1 [ RunTime:0.000097s ]
[ sql ] [ SQL ] SELECT * FROM `wb_manage` WHERE  `id` = 13 LIMIT 1 [ RunTime:0.000097s ]
[ sql ] [ SQL ] SELECT * FROM `wb_manage` WHERE  `id` = 13 LIMIT 1 [ RunTime:0.000099s ]
[ sql ] [ SQL ] SELECT * FROM `wb_manage` WHERE  `id` = 13 LIMIT 1 [ RunTime:0.000098s ]
---------------------------------------------------------------
[2026-04-29T15:47:19+08:00] 127.0.0.1 GET localhost/manage/user/statistics.html
[运行时间：0.058499s] [吞吐率：17.09req/s] [内存消耗：5,000.05kb] [文件加载：111]
[ info ] [ LANG ] E:\wwwroot\2025\git\baseShop\thinkphp\lang\zh-cn.php
[ info ] [ ROUTE ] array (
)
[ info ] [ HEADER ] array (
  'cookie' => '_aihecong_chat_visibility=false; PHPSESSID=086647hrtinfffrn3hkk3h5te1',
  'accept-language' => 'zh-CN,zh;q=0.9',
  'accept-encoding' => 'gzip, deflate, br, zstd',
  'referer' => 'http://localhost/manage/index/welcome.html',
  'sec-fetch-dest' => 'empty',
  'sec-fetch-mode' => 'cors',
  'sec-fetch-site' => 'same-origin',
  'sec-ch-ua-mobile' => '?0',
  'sec-ch-ua' => '"Google Chrome";v="147", "Not.A/Brand";v="8", "Chromium";v="147"',
  'accept' => '*/*',
  'user-agent' => 'Mozilla/5.0 (Windows NT 10.0; Win64; x64) AppleWebKit/537.36 (KHTML, like Gecko) Chrome/147.0.0.0 Safari/537.36',
  'x-requested-with' => 'XMLHttpRequest',
  'sec-ch-ua-platform' => '"Windows"',
  'connection' => 'keep-alive',
  'host' => 'localhost',
  'content-length' => '',
  'content-type' => '',
)
[ info ] [ PARAM ] array (
)
[ info ] [ DB ] INIT mysql
[ sql ] [ DB ] CONNECT:[ UseTime:0.001231s ] mysql:host=127.0.0.1;port=3306;dbname=baseshop;charset=utf8mb4
[ sql ] [ SQL ] SHOW COLUMNS FROM `wb_setting` [ RunTime:0.000599s ]
[ sql ] [ SQL ] SELECT * FROM `wb_setting` WHERE  `skey` = 'shop_name' LIMIT 1 [ RunTime:0.000181s ]
[ sql ] [ SQL ] SHOW COLUMNS FROM `wb_user` [ RunTime:0.002494s ]
[ sql ] [ SQL ] SELECT DATE_FORMAT(from_unixtime(ctime),"%Y-%m-%d") as day, count(*) as nums FROM `wb_user` WHERE (  `ctime` > 1776844039  AND ( TIMESTAMPDIFF(DAY,from_unixtime(ctime),now()) <7 ) ) AND `wb_user`.`isdel` IS NULL GROUP BY DATE_FORMAT(from_unixtime(ctime),"%Y-%m-%d") [ RunTime:0.000649s ]
[ sql ] [ SQL ] SHOW COLUMNS FROM `wb_order` [ RunTime:0.002862s ]
[ sql ] [ SQL ] SELECT COUNT(*) AS tp_count FROM ( SELECT count(*) AS think_count FROM `wb_order` WHERE (  `ctime` < 1777448839  AND `ctime` >= 1777392000 ) AND `wb_order`.`isdel` IS NULL GROUP BY `user_id` ) `_group_count_` LIMIT 1 [ RunTime:0.000408s ]
[ sql ] [ SQL ] SELECT COUNT(*) AS tp_count FROM ( SELECT count(*) AS think_count FROM `wb_order` WHERE (  `ctime` < 1777391999  AND `ctime` >= 1777305600 ) AND `wb_order`.`isdel` IS NULL GROUP BY `user_id` ) `_group_count_` LIMIT 1 [ RunTime:0.000299s ]
[ sql ] [ SQL ] SELECT COUNT(*) AS tp_count FROM ( SELECT count(*) AS think_count FROM `wb_order` WHERE (  `ctime` < 1777305599  AND `ctime` >= 1777219200 ) AND `wb_order`.`isdel` IS NULL GROUP BY `user_id` ) `_group_count_` LIMIT 1 [ RunTime:0.000181s ]
[ sql ] [ SQL ] SELECT COUNT(*) AS tp_count FROM ( SELECT count(*) AS think_count FROM `wb_order` WHERE (  `ctime` < 1777219199  AND `ctime` >= 1777132800 ) AND `wb_order`.`isdel` IS NULL GROUP BY `user_id` ) `_group_count_` LIMIT 1 [ RunTime:0.000281s ]
[ sql ] [ SQL ] SELECT COUNT(*) AS tp_count FROM ( SELECT count(*) AS think_count FROM `wb_order` WHERE (  `ctime` < 1777132799  AND `ctime` >= 1777046400 ) AND `wb_order`.`isdel` IS NULL GROUP BY `user_id` ) `_group_count_` LIMIT 1 [ RunTime:0.000252s ]
[ sql ] [ SQL ] SELECT COUNT(*) AS tp_count FROM ( SELECT count(*) AS think_count FROM `wb_order` WHERE (  `ctime` < 1777046399  AND `ctime` >= 1776960000 ) AND `wb_order`.`isdel` IS NULL GROUP BY `user_id` ) `_group_count_` LIMIT 1 [ RunTime:0.000217s ]
[ sql ] [ SQL ] SELECT COUNT(*) AS tp_count FROM ( SELECT count(*) AS think_count FROM `wb_order` WHERE (  `ctime` < 1776959999  AND `ctime` >= 1776873600 ) AND `wb_order`.`isdel` IS NULL GROUP BY `user_id` ) `_group_count_` LIMIT 1 [ RunTime:0.000231s ]
---------------------------------------------------------------
[2026-04-29T15:47:19+08:00] 127.0.0.1 GET localhost/manage/order/statistics.html
[运行时间：0.041217s] [吞吐率：24.26req/s] [内存消耗：4,691.42kb] [文件加载：110]
[ info ] [ LANG ] E:\wwwroot\2025\git\baseShop\thinkphp\lang\zh-cn.php
[ info ] [ ROUTE ] array (
)
[ info ] [ HEADER ] array (
  'cookie' => '_aihecong_chat_visibility=false; PHPSESSID=086647hrtinfffrn3hkk3h5te1',
  'accept-language' => 'zh-CN,zh;q=0.9',
  'accept-encoding' => 'gzip, deflate, br, zstd',
  'referer' => 'http://localhost/manage/index/welcome.html',
  'sec-fetch-dest' => 'empty',
  'sec-fetch-mode' => 'cors',
  'sec-fetch-site' => 'same-origin',
  'sec-ch-ua-mobile' => '?0',
  'sec-ch-ua' => '"Google Chrome";v="147", "Not.A/Brand";v="8", "Chromium";v="147"',
  'accept' => '*/*',
  'user-agent' => 'Mozilla/5.0 (Windows NT 10.0; Win64; x64) AppleWebKit/537.36 (KHTML, like Gecko) Chrome/147.0.0.0 Safari/537.36',
  'x-requested-with' => 'XMLHttpRequest',
  'sec-ch-ua-platform' => '"Windows"',
  'connection' => 'keep-alive',
  'host' => 'localhost',
  'content-length' => '',
  'content-type' => '',
)
[ info ] [ PARAM ] array (
)
[ info ] [ DB ] INIT mysql
[ sql ] [ DB ] CONNECT:[ UseTime:0.000883s ] mysql:host=127.0.0.1;port=3306;dbname=baseshop;charset=utf8mb4
[ sql ] [ SQL ] SHOW COLUMNS FROM `wb_setting` [ RunTime:0.000662s ]
[ sql ] [ SQL ] SELECT * FROM `wb_setting` WHERE  `skey` = 'shop_name' LIMIT 1 [ RunTime:0.000333s ]
[ sql ] [ SQL ] SHOW COLUMNS FROM `wb_bill_payments` [ RunTime:0.001440s ]
[ sql ] [ SQL ] SELECT count(1) AS `nums`,DATE_FORMAT(FROM_UNIXTIME(ctime),"%Y-%m-%d") AS `day` FROM `wb_bill_payments` WHERE  `status` = 2  AND `type` = 1  AND ( FROM_UNIXTIME(ctime) >= 2026-04-22 ) GROUP BY DATE_FORMAT(FROM_UNIXTIME(ctime),"%Y-%m-%d") [ RunTime:0.000313s ]
[ sql ] [ SQL ] SHOW COLUMNS FROM `wb_bill_delivery` [ RunTime:0.001280s ]
[ sql ] [ SQL ] SELECT count(1) AS `nums`,DATE_FORMAT(FROM_UNIXTIME(ctime),"%Y-%m-%d") AS `day` FROM `wb_bill_delivery` WHERE  ( FROM_UNIXTIME(ctime) >= 2026-04-22 ) GROUP BY DATE_FORMAT(FROM_UNIXTIME(ctime),"%Y-%m-%d") [ RunTime:0.000189s ]
