---------------------------------------------------------------
[2026-05-21T11:11:31+08:00] 127.0.0.1 GET localhost/manage
[运行时间：0.070729s] [吞吐率：14.14req/s] [内存消耗：3,000.29kb] [文件加载：97]
[ info ] [ LANG ] E:\wwwroot\2025\git\baseShop\thinkphp\lang\zh-cn.php
[ info ] [ ROUTE ] array (
)
[ info ] [ HEADER ] array (
  'accept-language' => 'zh-CN,zh;q=0.9',
  'accept-encoding' => 'gzip, deflate, br, zstd',
  'sec-fetch-dest' => 'document',
  'sec-fetch-user' => '?1',
  'sec-fetch-mode' => 'navigate',
  'sec-fetch-site' => 'none',
  'accept' => 'text/html,application/xhtml+xml,application/xml;q=0.9,image/avif,image/webp,image/apng,*/*;q=0.8,application/signed-exchange;v=b3;q=0.7',
  'user-agent' => 'Mozilla/5.0 (Windows NT 10.0; Win64; x64) AppleWebKit/537.36 (KHTML, like Gecko) Chrome/147.0.0.0 Safari/537.36',
  'upgrade-insecure-requests' => '1',
  'sec-ch-ua-platform' => '"Windows"',
  'sec-ch-ua-mobile' => '?0',
  'sec-ch-ua' => '"Google Chrome";v="147", "Not.A/Brand";v="8", "Chromium";v="147"',
  'connection' => 'keep-alive',
  'host' => 'localhost',
  'content-length' => '',
  'content-type' => '',
)
[ info ] [ PARAM ] array (
)
---------------------------------------------------------------
[2026-05-21T11:11:31+08:00] 127.0.0.1 GET localhost/manage/common/login.html
[运行时间：0.051531s] [吞吐率：19.41req/s] [内存消耗：4,436.27kb] [文件加载：106]
[ info ] [ LANG ] E:\wwwroot\2025\git\baseShop\thinkphp\lang\zh-cn.php
[ info ] [ ROUTE ] array (
)
[ info ] [ HEADER ] array (
  'cookie' => 'PHPSESSID=ibjoi40ps7bnps8um00c8je3im; jshop_redirect_url=%2Fmanage',
  'accept-language' => 'zh-CN,zh;q=0.9',
  'accept-encoding' => 'gzip, deflate, br, zstd',
  'sec-ch-ua-platform' => '"Windows"',
  'sec-ch-ua-mobile' => '?0',
  'sec-ch-ua' => '"Google Chrome";v="147", "Not.A/Brand";v="8", "Chromium";v="147"',
  'sec-fetch-dest' => 'document',
  'sec-fetch-user' => '?1',
  'sec-fetch-mode' => 'navigate',
  'sec-fetch-site' => 'none',
  'accept' => 'text/html,application/xhtml+xml,application/xml;q=0.9,image/avif,image/webp,image/apng,*/*;q=0.8,application/signed-exchange;v=b3;q=0.7',
  'user-agent' => 'Mozilla/5.0 (Windows NT 10.0; Win64; x64) AppleWebKit/537.36 (KHTML, like Gecko) Chrome/147.0.0.0 Safari/537.36',
  'upgrade-insecure-requests' => '1',
  'connection' => 'keep-alive',
  'host' => 'localhost',
  'content-length' => '',
  'content-type' => '',
)
[ info ] [ PARAM ] array (
)
[ info ] [ DB ] INIT mysql
[ info ] [ VIEW ] E:\wwwroot\2025\git\baseShop\application\manage\view\common\login.html [ array (
  0 => 'params',
  1 => 'shop_name',
) ]
[ sql ] [ DB ] CONNECT:[ UseTime:0.001108s ] mysql:host=127.0.0.1;port=3306;dbname=baseshop;charset=utf8mb4
[ sql ] [ SQL ] SHOW COLUMNS FROM `wb_setting` [ RunTime:0.003811s ]
[ sql ] [ SQL ] SELECT * FROM `wb_setting` WHERE  `skey` = 'shop_name' LIMIT 1 [ RunTime:0.002575s ]
---------------------------------------------------------------
[2026-05-21T11:11:32+08:00] 127.0.0.1 GET localhost/captcha.html
[运行时间：0.029773s] [吞吐率：33.59req/s] [内存消耗：2,491.51kb] [文件加载：77]
[ info ] [ LANG ] E:\wwwroot\2025\git\baseShop\thinkphp\lang\zh-cn.php
[ info ] [ ROUTE ] array (
  'rule' => 'captcha/<id?>',
  'route' => '\\think\\captcha\\CaptchaController@index',
  'option' => 
  array (
    'merge_rule_regex' => false,
  ),
  'var' => 
  array (
  ),
)
[ info ] [ HEADER ] array (
  'cookie' => 'PHPSESSID=ibjoi40ps7bnps8um00c8je3im; jshop_redirect_url=%2Fmanage',
  'accept-language' => 'zh-CN,zh;q=0.9',
  'accept-encoding' => 'gzip, deflate, br, zstd',
  'referer' => 'http://localhost/manage/common/login.html',
  'sec-fetch-dest' => 'image',
  'sec-fetch-mode' => 'no-cors',
  'sec-fetch-site' => 'same-origin',
  'accept' => 'image/avif,image/webp,image/apng,image/svg+xml,image/*,*/*;q=0.8',
  'sec-ch-ua-mobile' => '?0',
  'sec-ch-ua' => '"Google Chrome";v="147", "Not.A/Brand";v="8", "Chromium";v="147"',
  'user-agent' => 'Mozilla/5.0 (Windows NT 10.0; Win64; x64) AppleWebKit/537.36 (KHTML, like Gecko) Chrome/147.0.0.0 Safari/537.36',
  'sec-ch-ua-platform' => '"Windows"',
  'connection' => 'keep-alive',
  'host' => 'localhost',
  'content-length' => '',
  'content-type' => '',
)
[ info ] [ PARAM ] array (
)
