---------------------------------------------------------------
[2026-04-29T15:45:20+08:00] 127.0.0.1 POST localhost/Api/common/area.html
[运行时间：0.044675s] [吞吐率：22.38req/s] [内存消耗：4,267.82kb] [文件加载：99]
[ info ] [ LANG ] E:\wwwroot\2025\git\baseShop\thinkphp\lang\zh-cn.php
[ info ] [ ROUTE ] array (
)
[ info ] [ HEADER ] array (
  'cookie' => '_aihecong_chat_visibility=false; PHPSESSID=086647hrtinfffrn3hkk3h5te1',
  'accept-language' => 'zh-CN,zh;q=0.9',
  'accept-encoding' => 'gzip, deflate, br, zstd',
  'referer' => 'http://localhost/manage/setting/index.html',
  'sec-fetch-dest' => 'empty',
  'sec-fetch-mode' => 'cors',
  'sec-fetch-site' => 'same-origin',
  'origin' => 'http://localhost',
  'sec-ch-ua-mobile' => '?0',
  'content-type' => 'application/x-www-form-urlencoded; charset=UTF-8',
  'sec-ch-ua' => '"Google Chrome";v="147", "Not.A/Brand";v="8", "Chromium";v="147"',
  'accept' => '*/*',
  'user-agent' => 'Mozilla/5.0 (Windows NT 10.0; Win64; x64) AppleWebKit/537.36 (KHTML, like Gecko) Chrome/147.0.0.0 Safari/537.36',
  'x-requested-with' => 'XMLHttpRequest',
  'sec-ch-ua-platform' => '"Windows"',
  'content-length' => '3',
  'connection' => 'keep-alive',
  'host' => 'localhost',
)
[ info ] [ PARAM ] array (
  'id' => '',
)
[ info ] [ DB ] INIT mysql
[ sql ] [ DB ] CONNECT:[ UseTime:0.001041s ] mysql:host=127.0.0.1;port=3306;dbname=baseshop;charset=utf8mb4
[ sql ] [ SQL ] SHOW COLUMNS FROM `wb_area` [ RunTime:0.001725s ]
[ sql ] [ SQL ] SELECT `id`,`name`,`parent_id`,`postal_code` FROM `wb_area` WHERE  `id` = 0 LIMIT 1 [ RunTime:0.000337s ]
[ sql ] [ SQL ] SELECT `id`,`name`,`parent_id` FROM `wb_area` WHERE  `parent_id` = 0 [ RunTime:0.003904s ]
